<html>
<body>
<pre>
<h1>µVision Build Log</h1>
<h2>Tool Versions:</h2>
IDE-Version: µVision V5.26.2.0
Copyright (C) 2018 ARM Ltd and ARM Germany GmbH. All rights reserved.
License Information: ha as, gg, LIC=----
 
Tool Versions:
Toolchain:       MDK-Lite  Version: 5.26.2.0
Toolchain Path:  C:\Keil_v5\ARM\ARMCC\Bin
C Compiler:      Armcc.exe V5.06 update 6 (build 750)
Assembler:       Armasm.exe V5.06 update 6 (build 750)
Linker/Locator:  ArmLink.exe V5.06 update 6 (build 750)
Library Manager: ArmAr.exe V5.06 update 6 (build 750)
Hex Converter:   FromElf.exe V5.06 update 6 (build 750)
CPU DLL:         SARMCM3.DLL V5.26.2.0
Dialog DLL:      DCM.DLL V1.17.2.0
Target DLL:      UL2CM3.DLL V1.161.6.0
Dialog DLL:      TCM.DLL V1.36.1.0
 
<h2>Project:</h2>
C:\Users\nguye\Downloads\Compressed\en.stsw-stm32054_v3-6-0\Project\Template\Template.uvprojx
Project File Date:  06/11/2023

<h2>Output:</h2>
*** Using Compiler 'V5.06 update 6 (build 750)', folder: 'C:\Keil_v5\ARM\ARMCC\Bin'
Rebuild target 'Template'
compiling system_stm32f10x.c...
compiling stm32f10x_it.c...
compiling i2c.c...
compiling MPU6050.c...
compiling I2C1.c...
compiling i2c_lcd.c...
src\i2c_lcd.c(124): warning:  #167-D: argument of type "char *" is incompatible with parameter of type "uint8_t *"
  		I2C_Read(I2C_LCD_ADDR + 1, &temp, 1);
src\i2c_lcd.c: 1 warning, 0 errors
compiling main.c...
src\main.c(464): warning:  #177-D: variable "total"  was declared but never referenced
  	float total;
src\main.c: 1 warning, 0 errors
assembling startup_stm32f10x_md.s...
linking...
Program Size: Code=5348 RO-data=268 RW-data=28 ZI-data=1636  
FromELF: creating hex file...
".\Objects\Template.axf" - 0 Error(s), 2 Warning(s).

<h2>Software Packages used:</h2>

Package Vendor: Keil
                https://www.keil.com/pack/Keil.STM32F1xx_DFP.2.4.1.pack
                Keil.STM32F1xx_DFP.2.4.1
                STMicroelectronics STM32F1 Series Device Support, Drivers and Examples

<h2>Collection of Component include folders:</h2>
  .\RTE\_Template
  C:\Keil_v5\ARM\PACK\Keil\STM32F1xx_DFP\2.4.1\Device\Include

<h2>Collection of Component Files used:</h2>
Build Time Elapsed:  00:00:01
</pre>
</body>
</html>
