Component: ARM Compiler 5.06 update 6 (build 750) Tool: armlink [4d35ed]

==============================================================================

Section Cross References

    main.o(i.Delay1Ms) refers to main.o(i.TIM_SetCounter) for TIM_SetCounter
    main.o(i.Delay1Ms) refers to main.o(i.TIM_GetCounter) for TIM_GetCounter
    main.o(i.Delay_Ms) refers to main.o(i.Delay1Ms) for Delay1Ms
    main.o(i.EXTI9_5_IRQHandler) refers to main.o(i.GPIO_ResetBits) for GPIO_ResetBits
    main.o(i.EXTI9_5_IRQHandler) refers to main.o(i.GPIO_SetBits) for GPIO_SetBits
    main.o(i.EXTI9_5_IRQHandler) refers to main.o(.data) for mode
    main.o(i.delay_us) refers to main.o(i.TIM_SetCounter) for TIM_SetCounter
    main.o(i.delay_us) refers to main.o(i.TIM_GetCounter) for TIM_GetCounter
    main.o(i.i2c_init) refers to main.o(i.RCC_APB2PeriphClockCmd) for RCC_APB2PeriphClockCmd
    main.o(i.i2c_init) refers to main.o(i.GPIO_Init) for GPIO_Init
    main.o(i.i2c_init) refers to main.o(i.GPIO_SetBits) for GPIO_SetBits
    main.o(i.i2c_read) refers to main.o(i.GPIO_SetBits) for GPIO_SetBits
    main.o(i.i2c_read) refers to main.o(i.delay_us) for delay_us
    main.o(i.i2c_read) refers to main.o(i.GPIO_ReadInputDataBit) for GPIO_ReadInputDataBit
    main.o(i.i2c_read) refers to main.o(i.GPIO_ResetBits) for GPIO_ResetBits
    main.o(i.i2c_start) refers to main.o(i.GPIO_SetBits) for GPIO_SetBits
    main.o(i.i2c_start) refers to main.o(i.delay_us) for delay_us
    main.o(i.i2c_start) refers to main.o(i.GPIO_ResetBits) for GPIO_ResetBits
    main.o(i.i2c_stop) refers to main.o(i.GPIO_ResetBits) for GPIO_ResetBits
    main.o(i.i2c_stop) refers to main.o(i.delay_us) for delay_us
    main.o(i.i2c_stop) refers to main.o(i.GPIO_SetBits) for GPIO_SetBits
    main.o(i.i2c_write) refers to main.o(i.GPIO_SetBits) for GPIO_SetBits
    main.o(i.i2c_write) refers to main.o(i.GPIO_ResetBits) for GPIO_ResetBits
    main.o(i.i2c_write) refers to main.o(i.delay_us) for delay_us
    main.o(i.i2c_write) refers to main.o(i.GPIO_ReadInputDataBit) for GPIO_ReadInputDataBit
    main.o(i.main) refers to _printf_percent.o(.ARM.Collect$$_printf_percent$$00000000) for _printf_percent
    main.o(i.main) refers to _printf_d.o(.ARM.Collect$$_printf_percent$$00000009) for _printf_d
    main.o(i.main) refers to _printf_dec.o(.text) for _printf_int_dec
    main.o(i.main) refers to main.o(i.RCC_APB2PeriphClockCmd) for RCC_APB2PeriphClockCmd
    main.o(i.main) refers to main.o(i.RCC_APB1PeriphClockCmd) for RCC_APB1PeriphClockCmd
    main.o(i.main) refers to main.o(i.GPIO_Init) for GPIO_Init
    main.o(i.main) refers to main.o(i.TIM_TimeBaseInit) for TIM_TimeBaseInit
    main.o(i.main) refers to main.o(i.TIM_Cmd) for TIM_Cmd
    main.o(i.main) refers to main.o(i.i2c_init) for i2c_init
    main.o(i.main) refers to i2c_lcd.o(i.I2C_LCD_Init) for I2C_LCD_Init
    main.o(i.main) refers to i2c1.o(i.I2C1_Init) for I2C1_Init
    main.o(i.main) refers to mpu6050.o(i.MPU6050_init) for MPU6050_init
    main.o(i.main) refers to main.o(i.GPIO_Switch) for GPIO_Switch
    main.o(i.main) refers to mpu6050.o(i.MPU6050_read_accX) for MPU6050_read_accX
    main.o(i.main) refers to mpu6050.o(i.MPU6050_read_accY) for MPU6050_read_accY
    main.o(i.main) refers to mpu6050.o(i.MPU6050_read_accZ) for MPU6050_read_accZ
    main.o(i.main) refers to main.o(i.EXTI9_5_IRQHandler) for EXTI9_5_IRQHandler
    main.o(i.main) refers to main.o(i.peakDetection) for peakDetection
    main.o(i.main) refers to i2c_lcd.o(i.I2C_LCD_Clear) for I2C_LCD_Clear
    main.o(i.main) refers to i2c_lcd.o(i.I2C_LCD_BackLight) for I2C_LCD_BackLight
    main.o(i.main) refers to noretval__2sprintf.o(.text) for __2sprintf
    main.o(i.main) refers to i2c_lcd.o(i.I2C_LCD_Puts) for I2C_LCD_Puts
    main.o(i.main) refers to main.o(i.Delay_Ms) for Delay_Ms
    main.o(i.main) refers to main.o(.data) for mode
    main.o(i.peakDetection) refers to dflt_clz.o(x$fpl$dflt) for __aeabi_i2d
    main.o(i.peakDetection) refers to sqrt.o(i.sqrt) for sqrt
    main.o(i.peakDetection) refers to dfix.o(x$fpl$dfix) for __aeabi_d2iz
    main.o(i.peakDetection) refers to main.o(.data) for accel
    system_stm32f10x.o(i.SetSysClock) refers to system_stm32f10x.o(i.SetSysClockTo72) for SetSysClockTo72
    system_stm32f10x.o(i.SystemCoreClockUpdate) refers to system_stm32f10x.o(.data) for SystemCoreClock
    system_stm32f10x.o(i.SystemInit) refers to system_stm32f10x.o(i.SetSysClock) for SetSysClock
    i2c.o(i.I2C_Read) refers to main.o(i.i2c_start) for i2c_start
    i2c.o(i.I2C_Read) refers to main.o(i.i2c_write) for i2c_write
    i2c.o(i.I2C_Read) refers to main.o(i.i2c_stop) for i2c_stop
    i2c.o(i.I2C_Read) refers to main.o(i.i2c_read) for i2c_read
    i2c.o(i.I2C_Write) refers to main.o(i.i2c_start) for i2c_start
    i2c.o(i.I2C_Write) refers to main.o(i.i2c_write) for i2c_write
    i2c.o(i.I2C_Write) refers to main.o(i.i2c_stop) for i2c_stop
    i2c.o(i.My_I2C_Init) refers to main.o(i.i2c_init) for i2c_init
    i2c_lcd.o(i.I2C_LCD_BackLight) refers to i2c_lcd.o(i.I2C_LCD_FlushVal) for I2C_LCD_FlushVal
    i2c_lcd.o(i.I2C_LCD_BackLight) refers to i2c_lcd.o(.data) for u8LCD_Buff
    i2c_lcd.o(i.I2C_LCD_Clear) refers to i2c_lcd.o(i.I2C_LCD_WriteCmd) for I2C_LCD_WriteCmd
    i2c_lcd.o(i.I2C_LCD_FlushVal) refers to i2c.o(i.I2C_Write) for I2C_Write
    i2c_lcd.o(i.I2C_LCD_FlushVal) refers to i2c_lcd.o(.data) for u8LcdTmp
    i2c_lcd.o(i.I2C_LCD_Init) refers to main.o(i.Delay_Ms) for Delay_Ms
    i2c_lcd.o(i.I2C_LCD_Init) refers to i2c.o(i.My_I2C_Init) for My_I2C_Init
    i2c_lcd.o(i.I2C_LCD_Init) refers to i2c_lcd.o(i.I2C_LCD_FlushVal) for I2C_LCD_FlushVal
    i2c_lcd.o(i.I2C_LCD_Init) refers to i2c_lcd.o(i.I2C_LCD_Write_4bit) for I2C_LCD_Write_4bit
    i2c_lcd.o(i.I2C_LCD_Init) refers to i2c_lcd.o(i.I2C_LCD_WriteCmd) for I2C_LCD_WriteCmd
    i2c_lcd.o(i.I2C_LCD_Init) refers to i2c_lcd.o(.data) for u8LCD_Buff
    i2c_lcd.o(i.I2C_LCD_NewLine) refers to i2c_lcd.o(i.I2C_LCD_WriteCmd) for I2C_LCD_WriteCmd
    i2c_lcd.o(i.I2C_LCD_Puts) refers to i2c_lcd.o(i.LCD_Write_Chr) for LCD_Write_Chr
    i2c_lcd.o(i.I2C_LCD_WriteCmd) refers to i2c_lcd.o(i.LCD_WaitBusy) for LCD_WaitBusy
    i2c_lcd.o(i.I2C_LCD_WriteCmd) refers to i2c_lcd.o(i.I2C_LCD_FlushVal) for I2C_LCD_FlushVal
    i2c_lcd.o(i.I2C_LCD_WriteCmd) refers to i2c_lcd.o(i.I2C_LCD_Write_4bit) for I2C_LCD_Write_4bit
    i2c_lcd.o(i.I2C_LCD_WriteCmd) refers to i2c_lcd.o(.data) for u8LCD_Buff
    i2c_lcd.o(i.I2C_LCD_Write_4bit) refers to i2c_lcd.o(i.I2C_LCD_FlushVal) for I2C_LCD_FlushVal
    i2c_lcd.o(i.I2C_LCD_Write_4bit) refers to i2c_lcd.o(.data) for u8LCD_Buff
    i2c_lcd.o(i.LCD_WaitBusy) refers to i2c_lcd.o(i.I2C_LCD_FlushVal) for I2C_LCD_FlushVal
    i2c_lcd.o(i.LCD_WaitBusy) refers to i2c.o(i.I2C_Read) for I2C_Read
    i2c_lcd.o(i.LCD_WaitBusy) refers to i2c_lcd.o(.data) for u8LCD_Buff
    i2c_lcd.o(i.LCD_Write_Chr) refers to i2c_lcd.o(i.LCD_WaitBusy) for LCD_WaitBusy
    i2c_lcd.o(i.LCD_Write_Chr) refers to i2c_lcd.o(i.I2C_LCD_FlushVal) for I2C_LCD_FlushVal
    i2c_lcd.o(i.LCD_Write_Chr) refers to i2c_lcd.o(i.I2C_LCD_Write_4bit) for I2C_LCD_Write_4bit
    i2c_lcd.o(i.LCD_Write_Chr) refers to i2c_lcd.o(.data) for u8LCD_Buff
    i2c1.o(i.I2C1_Read) refers to i2c1.o(i.I2C1_Start) for I2C1_Start
    i2c1.o(i.I2C1_Read) refers to i2c1.o(i.I2C1_Address_Send) for I2C1_Address_Send
    i2c1.o(i.I2C1_Read) refers to i2c1.o(i.I2C1_Write_Started) for I2C1_Write_Started
    i2c1.o(i.I2C1_Read) refers to i2c1.o(i.I2C1_Read_Started) for I2C1_Read_Started
    i2c1.o(i.I2C1_Read) refers to i2c1.o(i.I2C1_Stop) for I2C1_Stop
    i2c1.o(i.I2C1_Read_Started) refers to i2c1.o(i.I2C1_Address_Send) for I2C1_Address_Send
    i2c1.o(i.I2C1_Read_Started) refers to i2c1.o(i.I2C1_EV6_1) for I2C1_EV6_1
    i2c1.o(i.I2C1_Read_Started) refers to i2c1.o(i.I2C1_EV7_1) for I2C1_EV7_1
    i2c1.o(i.I2C1_Write) refers to i2c1.o(i.I2C1_Start) for I2C1_Start
    i2c1.o(i.I2C1_Write) refers to i2c1.o(i.I2C1_Address_Send) for I2C1_Address_Send
    i2c1.o(i.I2C1_Write) refers to i2c1.o(i.I2C1_Write_Started) for I2C1_Write_Started
    i2c1.o(i.I2C1_Write) refers to i2c1.o(i.I2C1_Stop) for I2C1_Stop
    i2c1.o(i.I2C1_Write_To_Reg) refers to i2c1.o(i.I2C1_Start) for I2C1_Start
    i2c1.o(i.I2C1_Write_To_Reg) refers to i2c1.o(i.I2C1_Address_Send) for I2C1_Address_Send
    i2c1.o(i.I2C1_Write_To_Reg) refers to i2c1.o(i.I2C1_Write_Started) for I2C1_Write_Started
    i2c1.o(i.I2C1_Write_To_Reg) refers to i2c1.o(i.I2C1_Stop) for I2C1_Stop
    mpu6050.o(i.MPU6050_init) refers to mpu6050.o(i.MPU_Read) for MPU_Read
    mpu6050.o(i.MPU6050_init) refers to mpu6050.o(i.MPU_Write) for MPU_Write
    mpu6050.o(i.MPU6050_read_accX) refers to i2c1.o(i.I2C1_Read) for I2C1_Read
    mpu6050.o(i.MPU6050_read_accY) refers to i2c1.o(i.I2C1_Read) for I2C1_Read
    mpu6050.o(i.MPU6050_read_accZ) refers to i2c1.o(i.I2C1_Read) for I2C1_Read
    mpu6050.o(i.MPU_Read) refers to i2c1.o(i.I2C1_Read) for I2C1_Read
    mpu6050.o(i.MPU_Write) refers to i2c1.o(i.I2C1_Write_To_Reg) for I2C1_Write_To_Reg
    startup_stm32f10x_md.o(STACK) refers (Special) to heapauxi.o(.text) for __use_two_region_memory
    startup_stm32f10x_md.o(HEAP) refers (Special) to heapauxi.o(.text) for __use_two_region_memory
    startup_stm32f10x_md.o(RESET) refers (Special) to heapauxi.o(.text) for __use_two_region_memory
    startup_stm32f10x_md.o(RESET) refers to startup_stm32f10x_md.o(STACK) for __initial_sp
    startup_stm32f10x_md.o(RESET) refers to startup_stm32f10x_md.o(.text) for Reset_Handler
    startup_stm32f10x_md.o(RESET) refers to stm32f10x_it.o(i.NMI_Handler) for NMI_Handler
    startup_stm32f10x_md.o(RESET) refers to stm32f10x_it.o(i.HardFault_Handler) for HardFault_Handler
    startup_stm32f10x_md.o(RESET) refers to stm32f10x_it.o(i.MemManage_Handler) for MemManage_Handler
    startup_stm32f10x_md.o(RESET) refers to stm32f10x_it.o(i.BusFault_Handler) for BusFault_Handler
    startup_stm32f10x_md.o(RESET) refers to stm32f10x_it.o(i.UsageFault_Handler) for UsageFault_Handler
    startup_stm32f10x_md.o(RESET) refers to stm32f10x_it.o(i.SVC_Handler) for SVC_Handler
    startup_stm32f10x_md.o(RESET) refers to stm32f10x_it.o(i.DebugMon_Handler) for DebugMon_Handler
    startup_stm32f10x_md.o(RESET) refers to stm32f10x_it.o(i.PendSV_Handler) for PendSV_Handler
    startup_stm32f10x_md.o(RESET) refers to stm32f10x_it.o(i.SysTick_Handler) for SysTick_Handler
    startup_stm32f10x_md.o(RESET) refers to main.o(i.EXTI9_5_IRQHandler) for EXTI9_5_IRQHandler
    startup_stm32f10x_md.o(.text) refers (Special) to heapauxi.o(.text) for __use_two_region_memory
    startup_stm32f10x_md.o(.text) refers to system_stm32f10x.o(i.SystemInit) for SystemInit
    startup_stm32f10x_md.o(.text) refers to __main.o(!!!main) for __main
    startup_stm32f10x_md.o(.text) refers to startup_stm32f10x_md.o(HEAP) for Heap_Mem
    startup_stm32f10x_md.o(.text) refers to startup_stm32f10x_md.o(STACK) for Stack_Mem
    __2sprintf.o(.text) refers to _printf_char_common.o(.text) for _printf_char_common
    __2sprintf.o(.text) refers to _sputc.o(.text) for _sputc
    noretval__2sprintf.o(.text) refers to _printf_char_common.o(.text) for _printf_char_common
    noretval__2sprintf.o(.text) refers to _sputc.o(.text) for _sputc
    __printf.o(.text) refers to _printf_percent.o(.ARM.Collect$$_printf_percent$$00000000) for _printf_percent
    _printf_dec.o(.text) refers to _printf_intcommon.o(.text) for _printf_int_common
    __printf_flags.o(.text) refers to _printf_percent.o(.ARM.Collect$$_printf_percent$$00000000) for _printf_percent
    __printf_flags.o(.text) refers to __printf_flags.o(.constdata) for .constdata
    __printf_ss.o(.text) refers to _printf_percent.o(.ARM.Collect$$_printf_percent$$00000000) for _printf_percent
    __printf_flags_ss.o(.text) refers to _printf_percent.o(.ARM.Collect$$_printf_percent$$00000000) for _printf_percent
    __printf_flags_ss.o(.text) refers to __printf_flags_ss.o(.constdata) for .constdata
    __printf_wp.o(.text) refers to __printf_wp.o(i._is_digit) for _is_digit
    __printf_wp.o(.text) refers to _printf_percent.o(.ARM.Collect$$_printf_percent$$00000000) for _printf_percent
    __printf_flags_wp.o(.text) refers to __printf_wp.o(i._is_digit) for _is_digit
    __printf_flags_wp.o(.text) refers to _printf_percent.o(.ARM.Collect$$_printf_percent$$00000000) for _printf_percent
    __printf_flags_wp.o(.text) refers to __printf_flags_wp.o(.constdata) for .constdata
    __printf_ss_wp.o(.text) refers to __printf_wp.o(i._is_digit) for _is_digit
    __printf_ss_wp.o(.text) refers to _printf_percent.o(.ARM.Collect$$_printf_percent$$00000000) for _printf_percent
    __printf_flags_ss_wp.o(.text) refers to __printf_wp.o(i._is_digit) for _is_digit
    __printf_flags_ss_wp.o(.text) refers to _printf_percent.o(.ARM.Collect$$_printf_percent$$00000000) for _printf_percent
    __printf_flags_ss_wp.o(.text) refers to __printf_flags_ss_wp.o(.constdata) for .constdata
    _printf_d.o(.ARM.Collect$$_printf_percent$$00000009) refers (Weak) to _printf_dec.o(.text) for _printf_int_dec
    _printf_percent.o(.ARM.Collect$$_printf_percent$$00000000) refers (Special) to _printf_percent_end.o(.ARM.Collect$$_printf_percent$$00000017) for _printf_percent_end
    __main.o(!!!main) refers to __rtentry.o(.ARM.Collect$$rtentry$$00000000) for __rt_entry
    dfix.o(x$fpl$dfix) refers (Special) to usenofp.o(x$fpl$usenofp) for __I$use$fp
    dfix.o(x$fpl$dfix) refers to dnaninf.o(x$fpl$dnaninf) for __fpl_dnaninf
    dfix.o(x$fpl$dfixr) refers (Special) to usenofp.o(x$fpl$usenofp) for __I$use$fp
    dfix.o(x$fpl$dfixr) refers to dnaninf.o(x$fpl$dnaninf) for __fpl_dnaninf
    dflt_clz.o(x$fpl$dfltu) refers (Special) to usenofp.o(x$fpl$usenofp) for __I$use$fp
    dflt_clz.o(x$fpl$dflt) refers (Special) to usenofp.o(x$fpl$usenofp) for __I$use$fp
    dflt_clz.o(x$fpl$dfltn) refers (Special) to usenofp.o(x$fpl$usenofp) for __I$use$fp
    sqrt.o(i.__softfp_sqrt) refers (Special) to usenofp.o(x$fpl$usenofp) for __I$use$fp
    sqrt.o(i.__softfp_sqrt) refers to dsqrt_noumaal.o(x$fpl$dsqrt) for _dsqrt
    sqrt.o(i.__softfp_sqrt) refers to _rserrno.o(.text) for __set_errno
    sqrt.o(i.sqrt) refers (Special) to usenofp.o(x$fpl$usenofp) for __I$use$fp
    sqrt.o(i.sqrt) refers to dsqrt_noumaal.o(x$fpl$dsqrt) for _dsqrt
    sqrt.o(i.sqrt) refers to _rserrno.o(.text) for __set_errno
    sqrt_x.o(i.____softfp_sqrt$lsc) refers (Special) to usenofp.o(x$fpl$usenofp) for __I$use$fp
    sqrt_x.o(i.____softfp_sqrt$lsc) refers to dleqf.o(x$fpl$dleqf) for __aeabi_cdcmple
    sqrt_x.o(i.____softfp_sqrt$lsc) refers to _rserrno.o(.text) for __set_errno
    sqrt_x.o(i.____softfp_sqrt$lsc) refers to dsqrt_noumaal.o(x$fpl$dsqrt) for _dsqrt
    sqrt_x.o(i.__sqrt$lsc) refers (Special) to usenofp.o(x$fpl$usenofp) for __I$use$fp
    sqrt_x.o(i.__sqrt$lsc) refers to dleqf.o(x$fpl$dleqf) for __aeabi_cdcmple
    sqrt_x.o(i.__sqrt$lsc) refers to _rserrno.o(.text) for __set_errno
    sqrt_x.o(i.__sqrt$lsc) refers to dsqrt_noumaal.o(x$fpl$dsqrt) for _dsqrt
    __rtentry.o(.ARM.Collect$$rtentry$$00000000) refers (Special) to __rtentry2.o(.ARM.Collect$$rtentry$$0000000A) for __rt_entry_li
    __rtentry.o(.ARM.Collect$$rtentry$$00000000) refers (Special) to __rtentry2.o(.ARM.Collect$$rtentry$$0000000D) for __rt_entry_main
    __rtentry.o(.ARM.Collect$$rtentry$$00000000) refers (Special) to __rtentry2.o(.ARM.Collect$$rtentry$$0000000C) for __rt_entry_postli_1
    __rtentry.o(.ARM.Collect$$rtentry$$00000000) refers (Special) to __rtentry2.o(.ARM.Collect$$rtentry$$00000009) for __rt_entry_postsh_1
    __rtentry.o(.ARM.Collect$$rtentry$$00000000) refers (Special) to __rtentry2.o(.ARM.Collect$$rtentry$$00000002) for __rt_entry_presh_1
    __rtentry.o(.ARM.Collect$$rtentry$$00000000) refers (Special) to __rtentry4.o(.ARM.Collect$$rtentry$$00000004) for __rt_entry_sh
    _rserrno.o(.text) refers to rt_errno_addr_intlibspace.o(.text) for __aeabi_errno_addr
    _printf_char_common.o(.text) refers to __printf.o(.text) for __printf
    dleqf.o(x$fpl$dleqf) refers (Special) to usenofp.o(x$fpl$usenofp) for __I$use$fp
    dleqf.o(x$fpl$dleqf) refers to dnaninf.o(x$fpl$dnaninf) for __fpl_dnaninf
    dleqf.o(x$fpl$dleqf) refers to dcmpi.o(x$fpl$dcmpinf) for __fpl_dcmp_Inf
    dnaninf.o(x$fpl$dnaninf) refers (Special) to usenofp.o(x$fpl$usenofp) for __I$use$fp
    dsqrt_noumaal.o(x$fpl$dsqrt) refers (Special) to usenofp.o(x$fpl$usenofp) for __I$use$fp
    dsqrt_noumaal.o(x$fpl$dsqrt) refers to dnaninf.o(x$fpl$dnaninf) for __fpl_dnaninf
    __rtentry2.o(.ARM.Collect$$rtentry$$00000008) refers to boardinit2.o(.text) for _platform_post_stackheap_init
    __rtentry2.o(.ARM.Collect$$rtentry$$0000000A) refers to libinit.o(.ARM.Collect$$libinit$$00000000) for __rt_lib_init
    __rtentry2.o(.ARM.Collect$$rtentry$$0000000B) refers to boardinit3.o(.text) for _platform_post_lib_init
    __rtentry2.o(.ARM.Collect$$rtentry$$0000000D) refers to main.o(i.main) for main
    __rtentry2.o(.ARM.Collect$$rtentry$$0000000D) refers to exit.o(.text) for exit
    __rtentry2.o(.ARM.exidx) refers to __rtentry2.o(.ARM.Collect$$rtentry$$00000001) for .ARM.Collect$$rtentry$$00000001
    __rtentry2.o(.ARM.exidx) refers to __rtentry2.o(.ARM.Collect$$rtentry$$00000008) for .ARM.Collect$$rtentry$$00000008
    __rtentry2.o(.ARM.exidx) refers to __rtentry2.o(.ARM.Collect$$rtentry$$0000000A) for .ARM.Collect$$rtentry$$0000000A
    __rtentry2.o(.ARM.exidx) refers to __rtentry2.o(.ARM.Collect$$rtentry$$0000000B) for .ARM.Collect$$rtentry$$0000000B
    __rtentry2.o(.ARM.exidx) refers to __rtentry2.o(.ARM.Collect$$rtentry$$0000000D) for .ARM.Collect$$rtentry$$0000000D
    __rtentry4.o(.ARM.Collect$$rtentry$$00000004) refers to sys_stackheap_outer.o(.text) for __user_setup_stackheap
    __rtentry4.o(.ARM.exidx) refers to __rtentry4.o(.ARM.Collect$$rtentry$$00000004) for .ARM.Collect$$rtentry$$00000004
    rt_errno_addr.o(.text) refers to rt_errno_addr.o(.bss) for __aeabi_errno_addr_data
    rt_errno_addr_intlibspace.o(.text) refers to libspace.o(.bss) for __libspace_start
    dcmpi.o(x$fpl$dcmpinf) refers (Special) to usenofp.o(x$fpl$usenofp) for __I$use$fp
    libspace.o(.text) refers to libspace.o(.bss) for __libspace_start
    sys_stackheap_outer.o(.text) refers to libspace.o(.text) for __user_perproc_libspace
    sys_stackheap_outer.o(.text) refers to startup_stm32f10x_md.o(.text) for __user_initial_stackheap
    exit.o(.text) refers to rtexit.o(.ARM.Collect$$rtexit$$00000000) for __rt_exit
    libinit.o(.ARM.Collect$$libinit$$00000000) refers (Special) to libinit2.o(.ARM.Collect$$libinit$$0000002E) for __rt_lib_init_alloca_1
    libinit.o(.ARM.Collect$$libinit$$00000000) refers (Special) to libinit2.o(.ARM.Collect$$libinit$$0000002C) for __rt_lib_init_argv_1
    libinit.o(.ARM.Collect$$libinit$$00000000) refers (Special) to libinit2.o(.ARM.Collect$$libinit$$0000001B) for __rt_lib_init_atexit_1
    libinit.o(.ARM.Collect$$libinit$$00000000) refers (Special) to libinit2.o(.ARM.Collect$$libinit$$00000021) for __rt_lib_init_clock_1
    libinit.o(.ARM.Collect$$libinit$$00000000) refers (Special) to libinit2.o(.ARM.Collect$$libinit$$00000032) for __rt_lib_init_cpp_1
    libinit.o(.ARM.Collect$$libinit$$00000000) refers (Special) to libinit2.o(.ARM.Collect$$libinit$$00000030) for __rt_lib_init_exceptions_1
    libinit.o(.ARM.Collect$$libinit$$00000000) refers (Special) to libinit2.o(.ARM.Collect$$libinit$$00000002) for __rt_lib_init_fp_1
    libinit.o(.ARM.Collect$$libinit$$00000000) refers (Special) to libinit2.o(.ARM.Collect$$libinit$$0000001F) for __rt_lib_init_fp_trap_1
    libinit.o(.ARM.Collect$$libinit$$00000000) refers (Special) to libinit2.o(.ARM.Collect$$libinit$$00000023) for __rt_lib_init_getenv_1
    libinit.o(.ARM.Collect$$libinit$$00000000) refers (Special) to libinit2.o(.ARM.Collect$$libinit$$0000000A) for __rt_lib_init_heap_1
    libinit.o(.ARM.Collect$$libinit$$00000000) refers (Special) to libinit2.o(.ARM.Collect$$libinit$$00000011) for __rt_lib_init_lc_collate_1
    libinit.o(.ARM.Collect$$libinit$$00000000) refers (Special) to libinit2.o(.ARM.Collect$$libinit$$00000013) for __rt_lib_init_lc_ctype_1
    libinit.o(.ARM.Collect$$libinit$$00000000) refers (Special) to libinit2.o(.ARM.Collect$$libinit$$00000015) for __rt_lib_init_lc_monetary_1
    libinit.o(.ARM.Collect$$libinit$$00000000) refers (Special) to libinit2.o(.ARM.Collect$$libinit$$00000017) for __rt_lib_init_lc_numeric_1
    libinit.o(.ARM.Collect$$libinit$$00000000) refers (Special) to libinit2.o(.ARM.Collect$$libinit$$00000019) for __rt_lib_init_lc_time_1
    libinit.o(.ARM.Collect$$libinit$$00000000) refers (Special) to libinit2.o(.ARM.Collect$$libinit$$00000004) for __rt_lib_init_preinit_1
    libinit.o(.ARM.Collect$$libinit$$00000000) refers (Special) to libinit2.o(.ARM.Collect$$libinit$$0000000E) for __rt_lib_init_rand_1
    libinit.o(.ARM.Collect$$libinit$$00000000) refers (Special) to libinit2.o(.ARM.Collect$$libinit$$00000033) for __rt_lib_init_return
    libinit.o(.ARM.Collect$$libinit$$00000000) refers (Special) to libinit2.o(.ARM.Collect$$libinit$$0000001D) for __rt_lib_init_signal_1
    libinit.o(.ARM.Collect$$libinit$$00000000) refers (Special) to libinit2.o(.ARM.Collect$$libinit$$00000025) for __rt_lib_init_stdio_1
    libinit.o(.ARM.Collect$$libinit$$00000000) refers (Special) to libinit2.o(.ARM.Collect$$libinit$$0000000C) for __rt_lib_init_user_alloc_1
    rtexit.o(.ARM.Collect$$rtexit$$00000000) refers (Special) to rtexit2.o(.ARM.Collect$$rtexit$$00000004) for __rt_exit_exit
    rtexit.o(.ARM.Collect$$rtexit$$00000000) refers (Special) to rtexit2.o(.ARM.Collect$$rtexit$$00000003) for __rt_exit_ls
    rtexit.o(.ARM.Collect$$rtexit$$00000000) refers (Special) to rtexit2.o(.ARM.Collect$$rtexit$$00000002) for __rt_exit_prels_1
    rtexit.o(.ARM.exidx) refers (Special) to rtexit2.o(.ARM.Collect$$rtexit$$00000004) for __rt_exit_exit
    rtexit.o(.ARM.exidx) refers (Special) to rtexit2.o(.ARM.Collect$$rtexit$$00000003) for __rt_exit_ls
    rtexit.o(.ARM.exidx) refers (Special) to rtexit2.o(.ARM.Collect$$rtexit$$00000002) for __rt_exit_prels_1
    rtexit.o(.ARM.exidx) refers to rtexit.o(.ARM.Collect$$rtexit$$00000000) for .ARM.Collect$$rtexit$$00000000
    libinit2.o(.ARM.Collect$$libinit$$00000010) refers to libinit2.o(.ARM.Collect$$libinit$$0000000F) for .ARM.Collect$$libinit$$0000000F
    libinit2.o(.ARM.Collect$$libinit$$00000012) refers to libinit2.o(.ARM.Collect$$libinit$$0000000F) for .ARM.Collect$$libinit$$0000000F
    libinit2.o(.ARM.Collect$$libinit$$00000014) refers to libinit2.o(.ARM.Collect$$libinit$$0000000F) for .ARM.Collect$$libinit$$0000000F
    libinit2.o(.ARM.Collect$$libinit$$00000016) refers to libinit2.o(.ARM.Collect$$libinit$$0000000F) for .ARM.Collect$$libinit$$0000000F
    libinit2.o(.ARM.Collect$$libinit$$00000018) refers to libinit2.o(.ARM.Collect$$libinit$$0000000F) for .ARM.Collect$$libinit$$0000000F
    libinit2.o(.ARM.Collect$$libinit$$00000026) refers to argv_veneer.o(.emb_text) for __ARM_argv_veneer
    libinit2.o(.ARM.Collect$$libinit$$00000027) refers to argv_veneer.o(.emb_text) for __ARM_argv_veneer
    rtexit2.o(.ARM.Collect$$rtexit$$00000003) refers to libshutdown.o(.ARM.Collect$$libshutdown$$00000000) for __rt_lib_shutdown
    rtexit2.o(.ARM.Collect$$rtexit$$00000004) refers to sys_exit.o(.text) for _sys_exit
    rtexit2.o(.ARM.exidx) refers to rtexit2.o(.ARM.Collect$$rtexit$$00000001) for .ARM.Collect$$rtexit$$00000001
    rtexit2.o(.ARM.exidx) refers to rtexit2.o(.ARM.Collect$$rtexit$$00000003) for .ARM.Collect$$rtexit$$00000003
    rtexit2.o(.ARM.exidx) refers to rtexit2.o(.ARM.Collect$$rtexit$$00000004) for .ARM.Collect$$rtexit$$00000004
    argv_veneer.o(.emb_text) refers to no_argv.o(.text) for __ARM_get_argv
    sys_exit.o(.text) refers (Special) to use_no_semi.o(.text) for __I$use$semihosting
    sys_exit.o(.text) refers (Special) to indicate_semi.o(.text) for __semihosting_library_function
    _get_argv_nomalloc.o(.text) refers (Special) to hrguard.o(.text) for __heap_region$guard
    _get_argv_nomalloc.o(.text) refers to defsig_rtmem_outer.o(.text) for __rt_SIGRTMEM
    _get_argv_nomalloc.o(.text) refers to sys_command.o(.text) for _sys_command_string
    libshutdown.o(.ARM.Collect$$libshutdown$$00000000) refers (Special) to libshutdown2.o(.ARM.Collect$$libshutdown$$00000002) for __rt_lib_shutdown_cpp_1
    libshutdown.o(.ARM.Collect$$libshutdown$$00000000) refers (Special) to libshutdown2.o(.ARM.Collect$$libshutdown$$00000007) for __rt_lib_shutdown_fp_trap_1
    libshutdown.o(.ARM.Collect$$libshutdown$$00000000) refers (Special) to libshutdown2.o(.ARM.Collect$$libshutdown$$0000000F) for __rt_lib_shutdown_heap_1
    libshutdown.o(.ARM.Collect$$libshutdown$$00000000) refers (Special) to libshutdown2.o(.ARM.Collect$$libshutdown$$00000010) for __rt_lib_shutdown_return
    libshutdown.o(.ARM.Collect$$libshutdown$$00000000) refers (Special) to libshutdown2.o(.ARM.Collect$$libshutdown$$0000000A) for __rt_lib_shutdown_signal_1
    libshutdown.o(.ARM.Collect$$libshutdown$$00000000) refers (Special) to libshutdown2.o(.ARM.Collect$$libshutdown$$00000004) for __rt_lib_shutdown_stdio_1
    libshutdown.o(.ARM.Collect$$libshutdown$$00000000) refers (Special) to libshutdown2.o(.ARM.Collect$$libshutdown$$0000000C) for __rt_lib_shutdown_user_alloc_1
    sys_command.o(.text) refers (Special) to use_no_semi.o(.text) for __I$use$semihosting
    sys_command.o(.text) refers (Special) to indicate_semi.o(.text) for __semihosting_library_function
    defsig_rtmem_outer.o(.text) refers to defsig_rtmem_inner.o(.text) for __rt_SIGRTMEM_inner
    defsig_rtmem_outer.o(.text) refers to defsig_exit.o(.text) for __sig_exit
    defsig_rtmem_formal.o(.text) refers to rt_raise.o(.text) for __rt_raise
    rt_raise.o(.text) refers to __raise.o(.text) for __raise
    rt_raise.o(.text) refers to sys_exit.o(.text) for _sys_exit
    defsig_exit.o(.text) refers to sys_exit.o(.text) for _sys_exit
    defsig_rtmem_inner.o(.text) refers to defsig_general.o(.text) for __default_signal_display
    __raise.o(.text) refers to defsig.o(CL$$defsig) for __default_signal_handler
    defsig_general.o(.text) refers to sys_wrch.o(.text) for _ttywrch
    sys_wrch.o(.text) refers (Special) to use_no_semi.o(.text) for __I$use$semihosting
    sys_wrch.o(.text) refers (Special) to indicate_semi.o(.text) for __semihosting_library_function
    defsig.o(CL$$defsig) refers to defsig_rtmem_inner.o(.text) for __rt_SIGRTMEM_inner
    defsig_abrt_inner.o(.text) refers to defsig_general.o(.text) for __default_signal_display
    defsig_fpe_inner.o(.text) refers to defsig_general.o(.text) for __default_signal_display
    defsig_rtred_inner.o(.text) refers to defsig_general.o(.text) for __default_signal_display
    defsig_stak_inner.o(.text) refers to defsig_general.o(.text) for __default_signal_display
    defsig_pvfn_inner.o(.text) refers to defsig_general.o(.text) for __default_signal_display
    defsig_cppl_inner.o(.text) refers to defsig_general.o(.text) for __default_signal_display
    defsig_segv_inner.o(.text) refers to defsig_general.o(.text) for __default_signal_display
    defsig_other.o(.text) refers to defsig_general.o(.text) for __default_signal_display


==============================================================================

Removing Unused input sections from the image.

    Removing system_stm32f10x.o(i.SystemCoreClockUpdate), (164 bytes).
    Removing system_stm32f10x.o(.data), (20 bytes).
    Removing i2c_lcd.o(i.I2C_LCD_NewLine), (10 bytes).
    Removing i2c1.o(i.I2C1_Write), (28 bytes).
    Removing mpu6050.o(.data), (6 bytes).

5 unused section(s) (total 228 bytes) removed from the image.

==============================================================================

Image Symbol Table

    Local Symbols

    Symbol Name                              Value     Ov Type        Size  Object(Section)

    ../clib/angel/boardlib.s                 0x00000000   Number         0  boardshut.o ABSOLUTE
    ../clib/angel/boardlib.s                 0x00000000   Number         0  boardinit1.o ABSOLUTE
    ../clib/angel/boardlib.s                 0x00000000   Number         0  boardinit2.o ABSOLUTE
    ../clib/angel/boardlib.s                 0x00000000   Number         0  boardinit3.o ABSOLUTE
    ../clib/angel/handlers.s                 0x00000000   Number         0  __scatter_zi.o ABSOLUTE
    ../clib/angel/handlers.s                 0x00000000   Number         0  __scatter_copy.o ABSOLUTE
    ../clib/angel/kernel.s                   0x00000000   Number         0  __rtentry2.o ABSOLUTE
    ../clib/angel/kernel.s                   0x00000000   Number         0  __rtentry.o ABSOLUTE
    ../clib/angel/kernel.s                   0x00000000   Number         0  rtexit2.o ABSOLUTE
    ../clib/angel/kernel.s                   0x00000000   Number         0  rtexit.o ABSOLUTE
    ../clib/angel/kernel.s                   0x00000000   Number         0  __rtentry4.o ABSOLUTE
    ../clib/angel/rt.s                       0x00000000   Number         0  rt_errno_addr_intlibspace.o ABSOLUTE
    ../clib/angel/rt.s                       0x00000000   Number         0  rt_raise.o ABSOLUTE
    ../clib/angel/rt.s                       0x00000000   Number         0  rt_errno_addr.o ABSOLUTE
    ../clib/angel/scatter.s                  0x00000000   Number         0  __scatter.o ABSOLUTE
    ../clib/angel/startup.s                  0x00000000   Number         0  __main.o ABSOLUTE
    ../clib/angel/sys.s                      0x00000000   Number         0  libspace.o ABSOLUTE
    ../clib/angel/sys.s                      0x00000000   Number         0  indicate_semi.o ABSOLUTE
    ../clib/angel/sys.s                      0x00000000   Number         0  sys_stackheap_outer.o ABSOLUTE
    ../clib/angel/sys.s                      0x00000000   Number         0  use_no_semi.o ABSOLUTE
    ../clib/angel/sysapp.c                   0x00000000   Number         0  sys_exit.o ABSOLUTE
    ../clib/angel/sysapp.c                   0x00000000   Number         0  sys_wrch.o ABSOLUTE
    ../clib/angel/sysapp.c                   0x00000000   Number         0  sys_command.o ABSOLUTE
    ../clib/armsys.c                         0x00000000   Number         0  argv_veneer.o ABSOLUTE
    ../clib/armsys.c                         0x00000000   Number         0  argv_veneer.o ABSOLUTE
    ../clib/armsys.c                         0x00000000   Number         0  _get_argv_nomalloc.o ABSOLUTE
    ../clib/armsys.c                         0x00000000   Number         0  no_argv.o ABSOLUTE
    ../clib/fenv.c                           0x00000000   Number         0  _rserrno.o ABSOLUTE
    ../clib/heapalloc.c                      0x00000000   Number         0  hrguard.o ABSOLUTE
    ../clib/heapaux.c                        0x00000000   Number         0  heapauxi.o ABSOLUTE
    ../clib/libinit.s                        0x00000000   Number         0  libinit2.o ABSOLUTE
    ../clib/libinit.s                        0x00000000   Number         0  libshutdown.o ABSOLUTE
    ../clib/libinit.s                        0x00000000   Number         0  libshutdown2.o ABSOLUTE
    ../clib/libinit.s                        0x00000000   Number         0  libinit.o ABSOLUTE
    ../clib/printf.c                         0x00000000   Number         0  __printf_flags.o ABSOLUTE
    ../clib/printf.c                         0x00000000   Number         0  _printf_dec.o ABSOLUTE
    ../clib/printf.c                         0x00000000   Number         0  _printf_char_common.o ABSOLUTE
    ../clib/printf.c                         0x00000000   Number         0  __printf_flags_ss.o ABSOLUTE
    ../clib/printf.c                         0x00000000   Number         0  __printf_flags_ss_wp.o ABSOLUTE
    ../clib/printf.c                         0x00000000   Number         0  _printf_intcommon.o ABSOLUTE
    ../clib/printf.c                         0x00000000   Number         0  __printf_nopercent.o ABSOLUTE
    ../clib/printf.c                         0x00000000   Number         0  __printf_ss_wp.o ABSOLUTE
    ../clib/printf.c                         0x00000000   Number         0  _sputc.o ABSOLUTE
    ../clib/printf.c                         0x00000000   Number         0  __printf_flags_wp.o ABSOLUTE
    ../clib/printf.c                         0x00000000   Number         0  __printf_wp.o ABSOLUTE
    ../clib/printf.c                         0x00000000   Number         0  __2sprintf.o ABSOLUTE
    ../clib/printf.c                         0x00000000   Number         0  noretval__2sprintf.o ABSOLUTE
    ../clib/printf.c                         0x00000000   Number         0  __printf_ss.o ABSOLUTE
    ../clib/printf.c                         0x00000000   Number         0  __printf.o ABSOLUTE
    ../clib/printf_percent.s                 0x00000000   Number         0  _printf_percent.o ABSOLUTE
    ../clib/printf_percent.s                 0x00000000   Number         0  _printf_percent_end.o ABSOLUTE
    ../clib/printf_percent.s                 0x00000000   Number         0  _printf_d.o ABSOLUTE
    ../clib/signal.c                         0x00000000   Number         0  defsig_fpe_inner.o ABSOLUTE
    ../clib/signal.c                         0x00000000   Number         0  defsig_rtred_inner.o ABSOLUTE
    ../clib/signal.c                         0x00000000   Number         0  defsig_rtmem_outer.o ABSOLUTE
    ../clib/signal.c                         0x00000000   Number         0  defsig_stak_inner.o ABSOLUTE
    ../clib/signal.c                         0x00000000   Number         0  defsig_abrt_inner.o ABSOLUTE
    ../clib/signal.c                         0x00000000   Number         0  defsig_general.o ABSOLUTE
    ../clib/signal.c                         0x00000000   Number         0  defsig_pvfn_inner.o ABSOLUTE
    ../clib/signal.c                         0x00000000   Number         0  defsig_cppl_inner.o ABSOLUTE
    ../clib/signal.c                         0x00000000   Number         0  __raise.o ABSOLUTE
    ../clib/signal.c                         0x00000000   Number         0  defsig_segv_inner.o ABSOLUTE
    ../clib/signal.c                         0x00000000   Number         0  defsig_other.o ABSOLUTE
    ../clib/signal.c                         0x00000000   Number         0  defsig_rtmem_formal.o ABSOLUTE
    ../clib/signal.c                         0x00000000   Number         0  defsig_rtmem_inner.o ABSOLUTE
    ../clib/signal.c                         0x00000000   Number         0  defsig_exit.o ABSOLUTE
    ../clib/signal.s                         0x00000000   Number         0  defsig.o ABSOLUTE
    ../clib/stdlib.c                         0x00000000   Number         0  exit.o ABSOLUTE
    ../fplib/dcmpi.s                         0x00000000   Number         0  dcmpi.o ABSOLUTE
    ../fplib/dfix.s                          0x00000000   Number         0  dfix.o ABSOLUTE
    ../fplib/dflt.s                          0x00000000   Number         0  dflt_clz.o ABSOLUTE
    ../fplib/dleqf.s                         0x00000000   Number         0  dleqf.o ABSOLUTE
    ../fplib/dnaninf.s                       0x00000000   Number         0  dnaninf.o ABSOLUTE
    ../fplib/dsqrt.s                         0x00000000   Number         0  dsqrt_noumaal.o ABSOLUTE
    ../fplib/fpinit.s                        0x00000000   Number         0  fpinit.o ABSOLUTE
    ../fplib/usenofp.s                       0x00000000   Number         0  usenofp.o ABSOLUTE
    ../mathlib/sqrt.c                        0x00000000   Number         0  sqrt_x.o ABSOLUTE
    ../mathlib/sqrt.c                        0x00000000   Number         0  sqrt.o ABSOLUTE
    ..\..\STM32F10x_StdPeriph_Lib_V3.6.0\Libraries\CMSIS\CM3\DeviceSupport\ST\STM32F10x\startup\arm\startup_stm32f10x_md.s 0x00000000   Number         0  startup_stm32f10x_md.o ABSOLUTE
    dc.s                                     0x00000000   Number         0  dc.o ABSOLUTE
    src\I2C1.c                               0x00000000   Number         0  i2c1.o ABSOLUTE
    src\MPU6050.c                            0x00000000   Number         0  mpu6050.o ABSOLUTE
    src\i2c.c                                0x00000000   Number         0  i2c.o ABSOLUTE
    src\i2c_lcd.c                            0x00000000   Number         0  i2c_lcd.o ABSOLUTE
    src\main.c                               0x00000000   Number         0  main.o ABSOLUTE
    src\stm32f10x_it.c                       0x00000000   Number         0  stm32f10x_it.o ABSOLUTE
    src\system_stm32f10x.c                   0x00000000   Number         0  system_stm32f10x.o ABSOLUTE
    RESET                                    0x08000000   Section      236  startup_stm32f10x_md.o(RESET)
    !!!main                                  0x080000ec   Section        8  __main.o(!!!main)
    !!!scatter                               0x080000f4   Section       52  __scatter.o(!!!scatter)
    !!handler_copy                           0x08000128   Section       26  __scatter_copy.o(!!handler_copy)
    !!handler_zi                             0x08000144   Section       28  __scatter_zi.o(!!handler_zi)
    .ARM.Collect$$_printf_percent$$00000000  0x08000160   Section        0  _printf_percent.o(.ARM.Collect$$_printf_percent$$00000000)
    .ARM.Collect$$_printf_percent$$00000009  0x08000160   Section        6  _printf_d.o(.ARM.Collect$$_printf_percent$$00000009)
    .ARM.Collect$$_printf_percent$$00000017  0x08000166   Section        4  _printf_percent_end.o(.ARM.Collect$$_printf_percent$$00000017)
    .ARM.Collect$$libinit$$00000000          0x0800016a   Section        2  libinit.o(.ARM.Collect$$libinit$$00000000)
    .ARM.Collect$$libinit$$00000002          0x0800016c   Section        0  libinit2.o(.ARM.Collect$$libinit$$00000002)
    .ARM.Collect$$libinit$$00000004          0x0800016c   Section        0  libinit2.o(.ARM.Collect$$libinit$$00000004)
    .ARM.Collect$$libinit$$0000000A          0x0800016c   Section        0  libinit2.o(.ARM.Collect$$libinit$$0000000A)
    .ARM.Collect$$libinit$$0000000C          0x0800016c   Section        0  libinit2.o(.ARM.Collect$$libinit$$0000000C)
    .ARM.Collect$$libinit$$0000000E          0x0800016c   Section        0  libinit2.o(.ARM.Collect$$libinit$$0000000E)
    .ARM.Collect$$libinit$$00000011          0x0800016c   Section        0  libinit2.o(.ARM.Collect$$libinit$$00000011)
    .ARM.Collect$$libinit$$00000013          0x0800016c   Section        0  libinit2.o(.ARM.Collect$$libinit$$00000013)
    .ARM.Collect$$libinit$$00000015          0x0800016c   Section        0  libinit2.o(.ARM.Collect$$libinit$$00000015)
    .ARM.Collect$$libinit$$00000017          0x0800016c   Section        0  libinit2.o(.ARM.Collect$$libinit$$00000017)
    .ARM.Collect$$libinit$$00000019          0x0800016c   Section        0  libinit2.o(.ARM.Collect$$libinit$$00000019)
    .ARM.Collect$$libinit$$0000001B          0x0800016c   Section        0  libinit2.o(.ARM.Collect$$libinit$$0000001B)
    .ARM.Collect$$libinit$$0000001D          0x0800016c   Section        0  libinit2.o(.ARM.Collect$$libinit$$0000001D)
    .ARM.Collect$$libinit$$0000001F          0x0800016c   Section        0  libinit2.o(.ARM.Collect$$libinit$$0000001F)
    .ARM.Collect$$libinit$$00000021          0x0800016c   Section        0  libinit2.o(.ARM.Collect$$libinit$$00000021)
    .ARM.Collect$$libinit$$00000023          0x0800016c   Section        0  libinit2.o(.ARM.Collect$$libinit$$00000023)
    .ARM.Collect$$libinit$$00000025          0x0800016c   Section        0  libinit2.o(.ARM.Collect$$libinit$$00000025)
    .ARM.Collect$$libinit$$0000002C          0x0800016c   Section        0  libinit2.o(.ARM.Collect$$libinit$$0000002C)
    .ARM.Collect$$libinit$$0000002E          0x0800016c   Section        0  libinit2.o(.ARM.Collect$$libinit$$0000002E)
    .ARM.Collect$$libinit$$00000030          0x0800016c   Section        0  libinit2.o(.ARM.Collect$$libinit$$00000030)
    .ARM.Collect$$libinit$$00000032          0x0800016c   Section        0  libinit2.o(.ARM.Collect$$libinit$$00000032)
    .ARM.Collect$$libinit$$00000033          0x0800016c   Section        2  libinit2.o(.ARM.Collect$$libinit$$00000033)
    .ARM.Collect$$libshutdown$$00000000      0x0800016e   Section        2  libshutdown.o(.ARM.Collect$$libshutdown$$00000000)
    .ARM.Collect$$libshutdown$$00000002      0x08000170   Section        0  libshutdown2.o(.ARM.Collect$$libshutdown$$00000002)
    .ARM.Collect$$libshutdown$$00000004      0x08000170   Section        0  libshutdown2.o(.ARM.Collect$$libshutdown$$00000004)
    .ARM.Collect$$libshutdown$$00000007      0x08000170   Section        0  libshutdown2.o(.ARM.Collect$$libshutdown$$00000007)
    .ARM.Collect$$libshutdown$$0000000A      0x08000170   Section        0  libshutdown2.o(.ARM.Collect$$libshutdown$$0000000A)
    .ARM.Collect$$libshutdown$$0000000C      0x08000170   Section        0  libshutdown2.o(.ARM.Collect$$libshutdown$$0000000C)
    .ARM.Collect$$libshutdown$$0000000F      0x08000170   Section        0  libshutdown2.o(.ARM.Collect$$libshutdown$$0000000F)
    .ARM.Collect$$libshutdown$$00000010      0x08000170   Section        2  libshutdown2.o(.ARM.Collect$$libshutdown$$00000010)
    .ARM.Collect$$rtentry$$00000000          0x08000172   Section        0  __rtentry.o(.ARM.Collect$$rtentry$$00000000)
    .ARM.Collect$$rtentry$$00000002          0x08000172   Section        0  __rtentry2.o(.ARM.Collect$$rtentry$$00000002)
    .ARM.Collect$$rtentry$$00000004          0x08000172   Section        6  __rtentry4.o(.ARM.Collect$$rtentry$$00000004)
    .ARM.Collect$$rtentry$$00000009          0x08000178   Section        0  __rtentry2.o(.ARM.Collect$$rtentry$$00000009)
    .ARM.Collect$$rtentry$$0000000A          0x08000178   Section        4  __rtentry2.o(.ARM.Collect$$rtentry$$0000000A)
    .ARM.Collect$$rtentry$$0000000C          0x0800017c   Section        0  __rtentry2.o(.ARM.Collect$$rtentry$$0000000C)
    .ARM.Collect$$rtentry$$0000000D          0x0800017c   Section        8  __rtentry2.o(.ARM.Collect$$rtentry$$0000000D)
    .ARM.Collect$$rtexit$$00000000           0x08000184   Section        2  rtexit.o(.ARM.Collect$$rtexit$$00000000)
    .ARM.Collect$$rtexit$$00000002           0x08000186   Section        0  rtexit2.o(.ARM.Collect$$rtexit$$00000002)
    .ARM.Collect$$rtexit$$00000003           0x08000186   Section        4  rtexit2.o(.ARM.Collect$$rtexit$$00000003)
    .ARM.Collect$$rtexit$$00000004           0x0800018a   Section        6  rtexit2.o(.ARM.Collect$$rtexit$$00000004)
    .text                                    0x08000190   Section       64  startup_stm32f10x_md.o(.text)
    .text                                    0x080001d0   Section        0  noretval__2sprintf.o(.text)
    .text                                    0x080001f8   Section        0  __printf.o(.text)
    .text                                    0x08000260   Section        0  _printf_dec.o(.text)
    .text                                    0x080002d8   Section        0  heapauxi.o(.text)
    .text                                    0x080002de   Section        0  _rserrno.o(.text)
    .text                                    0x080002f4   Section        0  _printf_intcommon.o(.text)
    .text                                    0x080003a8   Section        0  _printf_char_common.o(.text)
    _printf_input_char                       0x080003a9   Thumb Code    10  _printf_char_common.o(.text)
    .text                                    0x080003d8   Section        0  _sputc.o(.text)
    .text                                    0x080003e4   Section        8  rt_errno_addr_intlibspace.o(.text)
    .text                                    0x080003ec   Section        8  libspace.o(.text)
    .text                                    0x080003f4   Section       74  sys_stackheap_outer.o(.text)
    .text                                    0x0800043e   Section        0  exit.o(.text)
    .text                                    0x08000450   Section        0  sys_exit.o(.text)
    .text                                    0x0800045c   Section        2  use_no_semi.o(.text)
    .text                                    0x0800045e   Section        0  indicate_semi.o(.text)
    i.BusFault_Handler                       0x0800045e   Section        0  stm32f10x_it.o(i.BusFault_Handler)
    i.DebugMon_Handler                       0x08000462   Section        0  stm32f10x_it.o(i.DebugMon_Handler)
    i.Delay1Ms                               0x08000464   Section        0  main.o(i.Delay1Ms)
    i.Delay_Ms                               0x08000482   Section        0  main.o(i.Delay_Ms)
    i.EXTI9_5_IRQHandler                     0x08000494   Section        0  main.o(i.EXTI9_5_IRQHandler)
    i.GPIO_Init                              0x08000510   Section        0  main.o(i.GPIO_Init)
    i.GPIO_ReadInputDataBit                  0x08000626   Section        0  main.o(i.GPIO_ReadInputDataBit)
    i.GPIO_ResetBits                         0x08000638   Section        0  main.o(i.GPIO_ResetBits)
    i.GPIO_SetBits                           0x0800063c   Section        0  main.o(i.GPIO_SetBits)
    i.GPIO_Switch                            0x08000640   Section        0  main.o(i.GPIO_Switch)
    i.HardFault_Handler                      0x080006dc   Section        0  stm32f10x_it.o(i.HardFault_Handler)
    i.I2C1_Address_Send                      0x080006e0   Section        0  i2c1.o(i.I2C1_Address_Send)
    i.I2C1_EV6_1                             0x0800070c   Section        0  i2c1.o(i.I2C1_EV6_1)
    i.I2C1_EV7_1                             0x0800073c   Section        0  i2c1.o(i.I2C1_EV7_1)
    i.I2C1_Init                              0x08000758   Section        0  i2c1.o(i.I2C1_Init)
    i.I2C1_Read                              0x080007dc   Section        0  i2c1.o(i.I2C1_Read)
    i.I2C1_Read_Started                      0x0800080c   Section        0  i2c1.o(i.I2C1_Read_Started)
    i.I2C1_Start                             0x080008ac   Section        0  i2c1.o(i.I2C1_Start)
    i.I2C1_Stop                              0x080008d8   Section        0  i2c1.o(i.I2C1_Stop)
    i.I2C1_Write_Started                     0x080008ec   Section        0  i2c1.o(i.I2C1_Write_Started)
    i.I2C1_Write_To_Reg                      0x08000914   Section        0  i2c1.o(i.I2C1_Write_To_Reg)
    i.I2C_LCD_BackLight                      0x08000938   Section        0  i2c_lcd.o(i.I2C_LCD_BackLight)
    i.I2C_LCD_Clear                          0x08000958   Section        0  i2c_lcd.o(i.I2C_LCD_Clear)
    i.I2C_LCD_FlushVal                       0x08000964   Section        0  i2c_lcd.o(i.I2C_LCD_FlushVal)
    I2C_LCD_FlushVal                         0x08000965   Thumb Code    52  i2c_lcd.o(i.I2C_LCD_FlushVal)
    i.I2C_LCD_Init                           0x080009a0   Section        0  i2c_lcd.o(i.I2C_LCD_Init)
    i.I2C_LCD_Puts                           0x08000a24   Section        0  i2c_lcd.o(i.I2C_LCD_Puts)
    i.I2C_LCD_WriteCmd                       0x08000a40   Section        0  i2c_lcd.o(i.I2C_LCD_WriteCmd)
    I2C_LCD_WriteCmd                         0x08000a41   Thumb Code    42  i2c_lcd.o(i.I2C_LCD_WriteCmd)
    i.I2C_LCD_Write_4bit                     0x08000a70   Section        0  i2c_lcd.o(i.I2C_LCD_Write_4bit)
    I2C_LCD_Write_4bit                       0x08000a71   Thumb Code   106  i2c_lcd.o(i.I2C_LCD_Write_4bit)
    i.I2C_Read                               0x08000ae0   Section        0  i2c.o(i.I2C_Read)
    i.I2C_Write                              0x08000b26   Section        0  i2c.o(i.I2C_Write)
    i.LCD_WaitBusy                           0x08000b6c   Section        0  i2c_lcd.o(i.LCD_WaitBusy)
    i.LCD_Write_Chr                          0x08000bd8   Section        0  i2c_lcd.o(i.LCD_Write_Chr)
    i.MPU6050_init                           0x08000c08   Section        0  mpu6050.o(i.MPU6050_init)
    i.MPU6050_read_accX                      0x08000c4e   Section        0  mpu6050.o(i.MPU6050_read_accX)
    i.MPU6050_read_accY                      0x08000c6c   Section        0  mpu6050.o(i.MPU6050_read_accY)
    i.MPU6050_read_accZ                      0x08000c8a   Section        0  mpu6050.o(i.MPU6050_read_accZ)
    i.MPU_Read                               0x08000ca8   Section        0  mpu6050.o(i.MPU_Read)
    i.MPU_Write                              0x08000cc4   Section        0  mpu6050.o(i.MPU_Write)
    i.MemManage_Handler                      0x08000cd8   Section        0  stm32f10x_it.o(i.MemManage_Handler)
    i.My_I2C_Init                            0x08000cdc   Section        0  i2c.o(i.My_I2C_Init)
    i.NMI_Handler                            0x08000ce4   Section        0  stm32f10x_it.o(i.NMI_Handler)
    i.PendSV_Handler                         0x08000ce6   Section        0  stm32f10x_it.o(i.PendSV_Handler)
    i.RCC_APB1PeriphClockCmd                 0x08000ce8   Section        0  main.o(i.RCC_APB1PeriphClockCmd)
    i.RCC_APB2PeriphClockCmd                 0x08000d08   Section        0  main.o(i.RCC_APB2PeriphClockCmd)
    i.SVC_Handler                            0x08000d28   Section        0  stm32f10x_it.o(i.SVC_Handler)
    i.SetSysClock                            0x08000d2a   Section        0  system_stm32f10x.o(i.SetSysClock)
    SetSysClock                              0x08000d2b   Thumb Code     8  system_stm32f10x.o(i.SetSysClock)
    i.SetSysClockTo72                        0x08000d34   Section        0  system_stm32f10x.o(i.SetSysClockTo72)
    SetSysClockTo72                          0x08000d35   Thumb Code   214  system_stm32f10x.o(i.SetSysClockTo72)
    i.SysTick_Handler                        0x08000e14   Section        0  stm32f10x_it.o(i.SysTick_Handler)
    i.SystemInit                             0x08000e18   Section        0  system_stm32f10x.o(i.SystemInit)
    i.TIM_Cmd                                0x08000e78   Section        0  main.o(i.TIM_Cmd)
    i.TIM_GetCounter                         0x08000e90   Section        0  main.o(i.TIM_GetCounter)
    i.TIM_SetCounter                         0x08000e96   Section        0  main.o(i.TIM_SetCounter)
    i.TIM_TimeBaseInit                       0x08000e9c   Section        0  main.o(i.TIM_TimeBaseInit)
    i.UsageFault_Handler                     0x08000f40   Section        0  stm32f10x_it.o(i.UsageFault_Handler)
    i.delay_us                               0x08000f44   Section        0  main.o(i.delay_us)
    i.i2c_init                               0x08000f64   Section        0  main.o(i.i2c_init)
    i.i2c_read                               0x08000f9c   Section        0  main.o(i.i2c_read)
    i.i2c_start                              0x0800102c   Section        0  main.o(i.i2c_start)
    i.i2c_stop                               0x0800106c   Section        0  main.o(i.i2c_stop)
    i.i2c_write                              0x080010a0   Section        0  main.o(i.i2c_write)
    i.main                                   0x08001138   Section        0  main.o(i.main)
    i.peakDetection                          0x0800120c   Section        0  main.o(i.peakDetection)
    i.sqrt                                   0x08001290   Section        0  sqrt.o(i.sqrt)
    x$fpl$dfix                               0x080012dc   Section       94  dfix.o(x$fpl$dfix)
    x$fpl$dflt                               0x0800133a   Section       46  dflt_clz.o(x$fpl$dflt)
    x$fpl$dnaninf                            0x08001368   Section      156  dnaninf.o(x$fpl$dnaninf)
    x$fpl$dsqrt                              0x08001404   Section      460  dsqrt_noumaal.o(x$fpl$dsqrt)
    x$fpl$usenofp                            0x080015d0   Section        0  usenofp.o(x$fpl$usenofp)
    .data                                    0x20000000   Section       16  main.o(.data)
    .data                                    0x20000010   Section        9  i2c_lcd.o(.data)
    u8LCD_Buff                               0x20000010   Data           8  i2c_lcd.o(.data)
    u8LcdTmp                                 0x20000018   Data           1  i2c_lcd.o(.data)
    .bss                                     0x2000001c   Section       96  libspace.o(.bss)
    HEAP                                     0x20000080   Section      512  startup_stm32f10x_md.o(HEAP)
    Heap_Mem                                 0x20000080   Data         512  startup_stm32f10x_md.o(HEAP)
    STACK                                    0x20000280   Section     1024  startup_stm32f10x_md.o(STACK)
    Stack_Mem                                0x20000280   Data        1024  startup_stm32f10x_md.o(STACK)
    __initial_sp                             0x20000680   Data           0  startup_stm32f10x_md.o(STACK)

    Global Symbols

    Symbol Name                              Value     Ov Type        Size  Object(Section)

    BuildAttributes$$THM_ISAv4$P$D$K$B$S$PE$A:L22UL41UL21$X:L11$S22US41US21$IEEE1$IW$USESV6$~STKCKD$USESV7$~SHL$OTIME$ROPI$IEEEJ$EBA8$UX$STANDARDLIB$REQ8$PRES8$EABIv2 0x00000000   Number         0  anon$$obj.o ABSOLUTE
    __ARM_use_no_argv                        0x00000000   Number         0  main.o ABSOLUTE
    __ARM_exceptions_init                     - Undefined Weak Reference
    __alloca_initialize                       - Undefined Weak Reference
    __arm_preinit_                            - Undefined Weak Reference
    __cpp_initialize__aeabi_                  - Undefined Weak Reference
    __cxa_finalize                            - Undefined Weak Reference
    __rt_locale                               - Undefined Weak Reference
    __sigvec_lookup                           - Undefined Weak Reference
    _atexit_init                              - Undefined Weak Reference
    _call_atexit_fns                          - Undefined Weak Reference
    _clock_init                               - Undefined Weak Reference
    _fp_trap_init                             - Undefined Weak Reference
    _fp_trap_shutdown                         - Undefined Weak Reference
    _get_lc_collate                           - Undefined Weak Reference
    _get_lc_ctype                             - Undefined Weak Reference
    _get_lc_monetary                          - Undefined Weak Reference
    _get_lc_numeric                           - Undefined Weak Reference
    _get_lc_time                              - Undefined Weak Reference
    _getenv_init                              - Undefined Weak Reference
    _handle_redirection                       - Undefined Weak Reference
    _init_alloc                               - Undefined Weak Reference
    _init_user_alloc                          - Undefined Weak Reference
    _initio                                   - Undefined Weak Reference
    _printf_post_padding                      - Undefined Weak Reference
    _printf_pre_padding                       - Undefined Weak Reference
    _printf_truncate_signed                   - Undefined Weak Reference
    _printf_truncate_unsigned                 - Undefined Weak Reference
    _rand_init                                - Undefined Weak Reference
    _signal_finish                            - Undefined Weak Reference
    _signal_init                              - Undefined Weak Reference
    _terminate_alloc                          - Undefined Weak Reference
    _terminate_user_alloc                     - Undefined Weak Reference
    _terminateio                              - Undefined Weak Reference
    __Vectors_Size                           0x000000ec   Number         0  startup_stm32f10x_md.o ABSOLUTE
    __Vectors                                0x08000000   Data           4  startup_stm32f10x_md.o(RESET)
    __Vectors_End                            0x080000ec   Data           0  startup_stm32f10x_md.o(RESET)
    __main                                   0x080000ed   Thumb Code     8  __main.o(!!!main)
    __scatterload                            0x080000f5   Thumb Code     0  __scatter.o(!!!scatter)
    __scatterload_rt2                        0x080000f5   Thumb Code    44  __scatter.o(!!!scatter)
    __scatterload_rt2_thumb_only             0x080000f5   Thumb Code     0  __scatter.o(!!!scatter)
    __scatterload_null                       0x08000103   Thumb Code     0  __scatter.o(!!!scatter)
    __scatterload_copy                       0x08000129   Thumb Code    26  __scatter_copy.o(!!handler_copy)
    __scatterload_zeroinit                   0x08000145   Thumb Code    28  __scatter_zi.o(!!handler_zi)
    _printf_d                                0x08000161   Thumb Code     0  _printf_d.o(.ARM.Collect$$_printf_percent$$00000009)
    _printf_percent                          0x08000161   Thumb Code     0  _printf_percent.o(.ARM.Collect$$_printf_percent$$00000000)
    _printf_percent_end                      0x08000167   Thumb Code     0  _printf_percent_end.o(.ARM.Collect$$_printf_percent$$00000017)
    __rt_lib_init                            0x0800016b   Thumb Code     0  libinit.o(.ARM.Collect$$libinit$$00000000)
    __rt_lib_init_alloca_1                   0x0800016d   Thumb Code     0  libinit2.o(.ARM.Collect$$libinit$$0000002E)
    __rt_lib_init_argv_1                     0x0800016d   Thumb Code     0  libinit2.o(.ARM.Collect$$libinit$$0000002C)
    __rt_lib_init_atexit_1                   0x0800016d   Thumb Code     0  libinit2.o(.ARM.Collect$$libinit$$0000001B)
    __rt_lib_init_clock_1                    0x0800016d   Thumb Code     0  libinit2.o(.ARM.Collect$$libinit$$00000021)
    __rt_lib_init_cpp_1                      0x0800016d   Thumb Code     0  libinit2.o(.ARM.Collect$$libinit$$00000032)
    __rt_lib_init_exceptions_1               0x0800016d   Thumb Code     0  libinit2.o(.ARM.Collect$$libinit$$00000030)
    __rt_lib_init_fp_1                       0x0800016d   Thumb Code     0  libinit2.o(.ARM.Collect$$libinit$$00000002)
    __rt_lib_init_fp_trap_1                  0x0800016d   Thumb Code     0  libinit2.o(.ARM.Collect$$libinit$$0000001F)
    __rt_lib_init_getenv_1                   0x0800016d   Thumb Code     0  libinit2.o(.ARM.Collect$$libinit$$00000023)
    __rt_lib_init_heap_1                     0x0800016d   Thumb Code     0  libinit2.o(.ARM.Collect$$libinit$$0000000A)
    __rt_lib_init_lc_collate_1               0x0800016d   Thumb Code     0  libinit2.o(.ARM.Collect$$libinit$$00000011)
    __rt_lib_init_lc_ctype_1                 0x0800016d   Thumb Code     0  libinit2.o(.ARM.Collect$$libinit$$00000013)
    __rt_lib_init_lc_monetary_1              0x0800016d   Thumb Code     0  libinit2.o(.ARM.Collect$$libinit$$00000015)
    __rt_lib_init_lc_numeric_1               0x0800016d   Thumb Code     0  libinit2.o(.ARM.Collect$$libinit$$00000017)
    __rt_lib_init_lc_time_1                  0x0800016d   Thumb Code     0  libinit2.o(.ARM.Collect$$libinit$$00000019)
    __rt_lib_init_preinit_1                  0x0800016d   Thumb Code     0  libinit2.o(.ARM.Collect$$libinit$$00000004)
    __rt_lib_init_rand_1                     0x0800016d   Thumb Code     0  libinit2.o(.ARM.Collect$$libinit$$0000000E)
    __rt_lib_init_return                     0x0800016d   Thumb Code     0  libinit2.o(.ARM.Collect$$libinit$$00000033)
    __rt_lib_init_signal_1                   0x0800016d   Thumb Code     0  libinit2.o(.ARM.Collect$$libinit$$0000001D)
    __rt_lib_init_stdio_1                    0x0800016d   Thumb Code     0  libinit2.o(.ARM.Collect$$libinit$$00000025)
    __rt_lib_init_user_alloc_1               0x0800016d   Thumb Code     0  libinit2.o(.ARM.Collect$$libinit$$0000000C)
    __rt_lib_shutdown                        0x0800016f   Thumb Code     0  libshutdown.o(.ARM.Collect$$libshutdown$$00000000)
    __rt_lib_shutdown_cpp_1                  0x08000171   Thumb Code     0  libshutdown2.o(.ARM.Collect$$libshutdown$$00000002)
    __rt_lib_shutdown_fp_trap_1              0x08000171   Thumb Code     0  libshutdown2.o(.ARM.Collect$$libshutdown$$00000007)
    __rt_lib_shutdown_heap_1                 0x08000171   Thumb Code     0  libshutdown2.o(.ARM.Collect$$libshutdown$$0000000F)
    __rt_lib_shutdown_return                 0x08000171   Thumb Code     0  libshutdown2.o(.ARM.Collect$$libshutdown$$00000010)
    __rt_lib_shutdown_signal_1               0x08000171   Thumb Code     0  libshutdown2.o(.ARM.Collect$$libshutdown$$0000000A)
    __rt_lib_shutdown_stdio_1                0x08000171   Thumb Code     0  libshutdown2.o(.ARM.Collect$$libshutdown$$00000004)
    __rt_lib_shutdown_user_alloc_1           0x08000171   Thumb Code     0  libshutdown2.o(.ARM.Collect$$libshutdown$$0000000C)
    __rt_entry                               0x08000173   Thumb Code     0  __rtentry.o(.ARM.Collect$$rtentry$$00000000)
    __rt_entry_presh_1                       0x08000173   Thumb Code     0  __rtentry2.o(.ARM.Collect$$rtentry$$00000002)
    __rt_entry_sh                            0x08000173   Thumb Code     0  __rtentry4.o(.ARM.Collect$$rtentry$$00000004)
    __rt_entry_li                            0x08000179   Thumb Code     0  __rtentry2.o(.ARM.Collect$$rtentry$$0000000A)
    __rt_entry_postsh_1                      0x08000179   Thumb Code     0  __rtentry2.o(.ARM.Collect$$rtentry$$00000009)
    __rt_entry_main                          0x0800017d   Thumb Code     0  __rtentry2.o(.ARM.Collect$$rtentry$$0000000D)
    __rt_entry_postli_1                      0x0800017d   Thumb Code     0  __rtentry2.o(.ARM.Collect$$rtentry$$0000000C)
    __rt_exit                                0x08000185   Thumb Code     0  rtexit.o(.ARM.Collect$$rtexit$$00000000)
    __rt_exit_ls                             0x08000187   Thumb Code     0  rtexit2.o(.ARM.Collect$$rtexit$$00000003)
    __rt_exit_prels_1                        0x08000187   Thumb Code     0  rtexit2.o(.ARM.Collect$$rtexit$$00000002)
    __rt_exit_exit                           0x0800018b   Thumb Code     0  rtexit2.o(.ARM.Collect$$rtexit$$00000004)
    Reset_Handler                            0x08000191   Thumb Code     8  startup_stm32f10x_md.o(.text)
    ADC1_2_IRQHandler                        0x080001ab   Thumb Code     0  startup_stm32f10x_md.o(.text)
    CAN1_RX1_IRQHandler                      0x080001ab   Thumb Code     0  startup_stm32f10x_md.o(.text)
    CAN1_SCE_IRQHandler                      0x080001ab   Thumb Code     0  startup_stm32f10x_md.o(.text)
    DMA1_Channel1_IRQHandler                 0x080001ab   Thumb Code     0  startup_stm32f10x_md.o(.text)
    DMA1_Channel2_IRQHandler                 0x080001ab   Thumb Code     0  startup_stm32f10x_md.o(.text)
    DMA1_Channel3_IRQHandler                 0x080001ab   Thumb Code     0  startup_stm32f10x_md.o(.text)
    DMA1_Channel4_IRQHandler                 0x080001ab   Thumb Code     0  startup_stm32f10x_md.o(.text)
    DMA1_Channel5_IRQHandler                 0x080001ab   Thumb Code     0  startup_stm32f10x_md.o(.text)
    DMA1_Channel6_IRQHandler                 0x080001ab   Thumb Code     0  startup_stm32f10x_md.o(.text)
    DMA1_Channel7_IRQHandler                 0x080001ab   Thumb Code     0  startup_stm32f10x_md.o(.text)
    EXTI0_IRQHandler                         0x080001ab   Thumb Code     0  startup_stm32f10x_md.o(.text)
    EXTI15_10_IRQHandler                     0x080001ab   Thumb Code     0  startup_stm32f10x_md.o(.text)
    EXTI1_IRQHandler                         0x080001ab   Thumb Code     0  startup_stm32f10x_md.o(.text)
    EXTI2_IRQHandler                         0x080001ab   Thumb Code     0  startup_stm32f10x_md.o(.text)
    EXTI3_IRQHandler                         0x080001ab   Thumb Code     0  startup_stm32f10x_md.o(.text)
    EXTI4_IRQHandler                         0x080001ab   Thumb Code     0  startup_stm32f10x_md.o(.text)
    FLASH_IRQHandler                         0x080001ab   Thumb Code     0  startup_stm32f10x_md.o(.text)
    I2C1_ER_IRQHandler                       0x080001ab   Thumb Code     0  startup_stm32f10x_md.o(.text)
    I2C1_EV_IRQHandler                       0x080001ab   Thumb Code     0  startup_stm32f10x_md.o(.text)
    I2C2_ER_IRQHandler                       0x080001ab   Thumb Code     0  startup_stm32f10x_md.o(.text)
    I2C2_EV_IRQHandler                       0x080001ab   Thumb Code     0  startup_stm32f10x_md.o(.text)
    PVD_IRQHandler                           0x080001ab   Thumb Code     0  startup_stm32f10x_md.o(.text)
    RCC_IRQHandler                           0x080001ab   Thumb Code     0  startup_stm32f10x_md.o(.text)
    RTCAlarm_IRQHandler                      0x080001ab   Thumb Code     0  startup_stm32f10x_md.o(.text)
    RTC_IRQHandler                           0x080001ab   Thumb Code     0  startup_stm32f10x_md.o(.text)
    SPI1_IRQHandler                          0x080001ab   Thumb Code     0  startup_stm32f10x_md.o(.text)
    SPI2_IRQHandler                          0x080001ab   Thumb Code     0  startup_stm32f10x_md.o(.text)
    TAMPER_IRQHandler                        0x080001ab   Thumb Code     0  startup_stm32f10x_md.o(.text)
    TIM1_BRK_IRQHandler                      0x080001ab   Thumb Code     0  startup_stm32f10x_md.o(.text)
    TIM1_CC_IRQHandler                       0x080001ab   Thumb Code     0  startup_stm32f10x_md.o(.text)
    TIM1_TRG_COM_IRQHandler                  0x080001ab   Thumb Code     0  startup_stm32f10x_md.o(.text)
    TIM1_UP_IRQHandler                       0x080001ab   Thumb Code     0  startup_stm32f10x_md.o(.text)
    TIM2_IRQHandler                          0x080001ab   Thumb Code     0  startup_stm32f10x_md.o(.text)
    TIM3_IRQHandler                          0x080001ab   Thumb Code     0  startup_stm32f10x_md.o(.text)
    TIM4_IRQHandler                          0x080001ab   Thumb Code     0  startup_stm32f10x_md.o(.text)
    USART1_IRQHandler                        0x080001ab   Thumb Code     0  startup_stm32f10x_md.o(.text)
    USART2_IRQHandler                        0x080001ab   Thumb Code     0  startup_stm32f10x_md.o(.text)
    USART3_IRQHandler                        0x080001ab   Thumb Code     0  startup_stm32f10x_md.o(.text)
    USBWakeUp_IRQHandler                     0x080001ab   Thumb Code     0  startup_stm32f10x_md.o(.text)
    USB_HP_CAN1_TX_IRQHandler                0x080001ab   Thumb Code     0  startup_stm32f10x_md.o(.text)
    USB_LP_CAN1_RX0_IRQHandler               0x080001ab   Thumb Code     0  startup_stm32f10x_md.o(.text)
    WWDG_IRQHandler                          0x080001ab   Thumb Code     0  startup_stm32f10x_md.o(.text)
    __user_initial_stackheap                 0x080001ad   Thumb Code     0  startup_stm32f10x_md.o(.text)
    __2sprintf                               0x080001d1   Thumb Code    34  noretval__2sprintf.o(.text)
    __printf                                 0x080001f9   Thumb Code   104  __printf.o(.text)
    _printf_int_dec                          0x08000261   Thumb Code   104  _printf_dec.o(.text)
    __use_two_region_memory                  0x080002d9   Thumb Code     2  heapauxi.o(.text)
    __rt_heap_escrow$2region                 0x080002db   Thumb Code     2  heapauxi.o(.text)
    __rt_heap_expand$2region                 0x080002dd   Thumb Code     2  heapauxi.o(.text)
    __read_errno                             0x080002df   Thumb Code    10  _rserrno.o(.text)
    __set_errno                              0x080002e9   Thumb Code    12  _rserrno.o(.text)
    _printf_int_common                       0x080002f5   Thumb Code   178  _printf_intcommon.o(.text)
    _printf_char_common                      0x080003b3   Thumb Code    32  _printf_char_common.o(.text)
    _sputc                                   0x080003d9   Thumb Code    10  _sputc.o(.text)
    __aeabi_errno_addr                       0x080003e5   Thumb Code     8  rt_errno_addr_intlibspace.o(.text)
    __errno$intlibspace                      0x080003e5   Thumb Code     0  rt_errno_addr_intlibspace.o(.text)
    __rt_errno_addr$intlibspace              0x080003e5   Thumb Code     0  rt_errno_addr_intlibspace.o(.text)
    __user_libspace                          0x080003ed   Thumb Code     8  libspace.o(.text)
    __user_perproc_libspace                  0x080003ed   Thumb Code     0  libspace.o(.text)
    __user_perthread_libspace                0x080003ed   Thumb Code     0  libspace.o(.text)
    __user_setup_stackheap                   0x080003f5   Thumb Code    74  sys_stackheap_outer.o(.text)
    exit                                     0x0800043f   Thumb Code    18  exit.o(.text)
    _sys_exit                                0x08000451   Thumb Code     8  sys_exit.o(.text)
    __I$use$semihosting                      0x0800045d   Thumb Code     0  use_no_semi.o(.text)
    __use_no_semihosting_swi                 0x0800045d   Thumb Code     2  use_no_semi.o(.text)
    BusFault_Handler                         0x0800045f   Thumb Code     4  stm32f10x_it.o(i.BusFault_Handler)
    __semihosting_library_function           0x0800045f   Thumb Code     0  indicate_semi.o(.text)
    DebugMon_Handler                         0x08000463   Thumb Code     2  stm32f10x_it.o(i.DebugMon_Handler)
    Delay1Ms                                 0x08000465   Thumb Code    30  main.o(i.Delay1Ms)
    Delay_Ms                                 0x08000483   Thumb Code    18  main.o(i.Delay_Ms)
    EXTI9_5_IRQHandler                       0x08000495   Thumb Code   108  main.o(i.EXTI9_5_IRQHandler)
    GPIO_Init                                0x08000511   Thumb Code   278  main.o(i.GPIO_Init)
    GPIO_ReadInputDataBit                    0x08000627   Thumb Code    18  main.o(i.GPIO_ReadInputDataBit)
    GPIO_ResetBits                           0x08000639   Thumb Code     4  main.o(i.GPIO_ResetBits)
    GPIO_SetBits                             0x0800063d   Thumb Code     4  main.o(i.GPIO_SetBits)
    GPIO_Switch                              0x08000641   Thumb Code   136  main.o(i.GPIO_Switch)
    HardFault_Handler                        0x080006dd   Thumb Code     4  stm32f10x_it.o(i.HardFault_Handler)
    I2C1_Address_Send                        0x080006e1   Thumb Code    38  i2c1.o(i.I2C1_Address_Send)
    I2C1_EV6_1                               0x0800070d   Thumb Code    42  i2c1.o(i.I2C1_EV6_1)
    I2C1_EV7_1                               0x0800073d   Thumb Code    24  i2c1.o(i.I2C1_EV7_1)
    I2C1_Init                                0x08000759   Thumb Code   120  i2c1.o(i.I2C1_Init)
    I2C1_Read                                0x080007dd   Thumb Code    48  i2c1.o(i.I2C1_Read)
    I2C1_Read_Started                        0x0800080d   Thumb Code   154  i2c1.o(i.I2C1_Read_Started)
    I2C1_Start                               0x080008ad   Thumb Code    40  i2c1.o(i.I2C1_Start)
    I2C1_Stop                                0x080008d9   Thumb Code    14  i2c1.o(i.I2C1_Stop)
    I2C1_Write_Started                       0x080008ed   Thumb Code    36  i2c1.o(i.I2C1_Write_Started)
    I2C1_Write_To_Reg                        0x08000915   Thumb Code    36  i2c1.o(i.I2C1_Write_To_Reg)
    I2C_LCD_BackLight                        0x08000939   Thumb Code    26  i2c_lcd.o(i.I2C_LCD_BackLight)
    I2C_LCD_Clear                            0x08000959   Thumb Code    10  i2c_lcd.o(i.I2C_LCD_Clear)
    I2C_LCD_Init                             0x080009a1   Thumb Code   128  i2c_lcd.o(i.I2C_LCD_Init)
    I2C_LCD_Puts                             0x08000a25   Thumb Code    28  i2c_lcd.o(i.I2C_LCD_Puts)
    I2C_Read                                 0x08000ae1   Thumb Code    70  i2c.o(i.I2C_Read)
    I2C_Write                                0x08000b27   Thumb Code    68  i2c.o(i.I2C_Write)
    LCD_WaitBusy                             0x08000b6d   Thumb Code   104  i2c_lcd.o(i.LCD_WaitBusy)
    LCD_Write_Chr                            0x08000bd9   Thumb Code    42  i2c_lcd.o(i.LCD_Write_Chr)
    MPU6050_init                             0x08000c09   Thumb Code    70  mpu6050.o(i.MPU6050_init)
    MPU6050_read_accX                        0x08000c4f   Thumb Code    30  mpu6050.o(i.MPU6050_read_accX)
    MPU6050_read_accY                        0x08000c6d   Thumb Code    30  mpu6050.o(i.MPU6050_read_accY)
    MPU6050_read_accZ                        0x08000c8b   Thumb Code    30  mpu6050.o(i.MPU6050_read_accZ)
    MPU_Read                                 0x08000ca9   Thumb Code    28  mpu6050.o(i.MPU_Read)
    MPU_Write                                0x08000cc5   Thumb Code    20  mpu6050.o(i.MPU_Write)
    MemManage_Handler                        0x08000cd9   Thumb Code     4  stm32f10x_it.o(i.MemManage_Handler)
    My_I2C_Init                              0x08000cdd   Thumb Code     8  i2c.o(i.My_I2C_Init)
    NMI_Handler                              0x08000ce5   Thumb Code     2  stm32f10x_it.o(i.NMI_Handler)
    PendSV_Handler                           0x08000ce7   Thumb Code     2  stm32f10x_it.o(i.PendSV_Handler)
    RCC_APB1PeriphClockCmd                   0x08000ce9   Thumb Code    26  main.o(i.RCC_APB1PeriphClockCmd)
    RCC_APB2PeriphClockCmd                   0x08000d09   Thumb Code    26  main.o(i.RCC_APB2PeriphClockCmd)
    SVC_Handler                              0x08000d29   Thumb Code     2  stm32f10x_it.o(i.SVC_Handler)
    SysTick_Handler                          0x08000e15   Thumb Code     2  stm32f10x_it.o(i.SysTick_Handler)
    SystemInit                               0x08000e19   Thumb Code    78  system_stm32f10x.o(i.SystemInit)
    TIM_Cmd                                  0x08000e79   Thumb Code    24  main.o(i.TIM_Cmd)
    TIM_GetCounter                           0x08000e91   Thumb Code     6  main.o(i.TIM_GetCounter)
    TIM_SetCounter                           0x08000e97   Thumb Code     4  main.o(i.TIM_SetCounter)
    TIM_TimeBaseInit                         0x08000e9d   Thumb Code   122  main.o(i.TIM_TimeBaseInit)
    UsageFault_Handler                       0x08000f41   Thumb Code     4  stm32f10x_it.o(i.UsageFault_Handler)
    delay_us                                 0x08000f45   Thumb Code    30  main.o(i.delay_us)
    i2c_init                                 0x08000f65   Thumb Code    52  main.o(i.i2c_init)
    i2c_read                                 0x08000f9d   Thumb Code   140  main.o(i.i2c_read)
    i2c_start                                0x0800102d   Thumb Code    60  main.o(i.i2c_start)
    i2c_stop                                 0x0800106d   Thumb Code    46  main.o(i.i2c_stop)
    i2c_write                                0x080010a1   Thumb Code   146  main.o(i.i2c_write)
    main                                     0x08001139   Thumb Code   188  main.o(i.main)
    peakDetection                            0x0800120d   Thumb Code   120  main.o(i.peakDetection)
    sqrt                                     0x08001291   Thumb Code    76  sqrt.o(i.sqrt)
    __aeabi_d2iz                             0x080012dd   Thumb Code     0  dfix.o(x$fpl$dfix)
    _dfix                                    0x080012dd   Thumb Code    94  dfix.o(x$fpl$dfix)
    __aeabi_i2d                              0x0800133b   Thumb Code     0  dflt_clz.o(x$fpl$dflt)
    _dflt                                    0x0800133b   Thumb Code    46  dflt_clz.o(x$fpl$dflt)
    __fpl_dnaninf                            0x08001369   Thumb Code   156  dnaninf.o(x$fpl$dnaninf)
    _dsqrt                                   0x08001405   Thumb Code   456  dsqrt_noumaal.o(x$fpl$dsqrt)
    Region$$Table$$Base                      0x080015d0   Number         0  anon$$obj.o(Region$$Table)
    __I$use$fp                               0x080015d0   Number         0  usenofp.o(x$fpl$usenofp)
    Region$$Table$$Limit                     0x080015f0   Number         0  anon$$obj.o(Region$$Table)
    mode                                     0x20000000   Data           4  main.o(.data)
    count                                    0x20000004   Data           4  main.o(.data)
    stepCount                                0x20000008   Data           4  main.o(.data)
    accel                                    0x2000000c   Data           2  main.o(.data)
    preaccel                                 0x2000000e   Data           2  main.o(.data)
    __libspace_start                         0x2000001c   Data          96  libspace.o(.bss)
    __temporary_stack_top$libspace           0x2000007c   Data           0  libspace.o(.bss)



==============================================================================

Memory Map of the image

  Image Entry point : 0x08000191

  Load Region LR_1 (Base: 0x08000000, Size: 0x0000160c, Max: 0xffffffff, ABSOLUTE)

    Execution Region ER_RO (Exec base: 0x08000000, Load base: 0x08000000, Size: 0x000015f0, Max: 0xffffffff, ABSOLUTE)

    Exec Addr    Load Addr    Size         Type   Attr      Idx    E Section Name        Object

    0x08000000   0x08000000   0x000000ec   Data   RO          565    RESET               startup_stm32f10x_md.o
    0x080000ec   0x080000ec   0x00000008   Code   RO          605  * !!!main             c_w.l(__main.o)
    0x080000f4   0x080000f4   0x00000034   Code   RO          805    !!!scatter          c_w.l(__scatter.o)
    0x08000128   0x08000128   0x0000001a   Code   RO          807    !!handler_copy      c_w.l(__scatter_copy.o)
    0x08000142   0x08000142   0x00000002   PAD
    0x08000144   0x08000144   0x0000001c   Code   RO          809    !!handler_zi        c_w.l(__scatter_zi.o)
    0x08000160   0x08000160   0x00000000   Code   RO          602    .ARM.Collect$$_printf_percent$$00000000  c_w.l(_printf_percent.o)
    0x08000160   0x08000160   0x00000006   Code   RO          601    .ARM.Collect$$_printf_percent$$00000009  c_w.l(_printf_d.o)
    0x08000166   0x08000166   0x00000004   Code   RO          634    .ARM.Collect$$_printf_percent$$00000017  c_w.l(_printf_percent_end.o)
    0x0800016a   0x0800016a   0x00000002   Code   RO          678    .ARM.Collect$$libinit$$00000000  c_w.l(libinit.o)
    0x0800016c   0x0800016c   0x00000000   Code   RO          682    .ARM.Collect$$libinit$$00000002  c_w.l(libinit2.o)
    0x0800016c   0x0800016c   0x00000000   Code   RO          684    .ARM.Collect$$libinit$$00000004  c_w.l(libinit2.o)
    0x0800016c   0x0800016c   0x00000000   Code   RO          687    .ARM.Collect$$libinit$$0000000A  c_w.l(libinit2.o)
    0x0800016c   0x0800016c   0x00000000   Code   RO          689    .ARM.Collect$$libinit$$0000000C  c_w.l(libinit2.o)
    0x0800016c   0x0800016c   0x00000000   Code   RO          691    .ARM.Collect$$libinit$$0000000E  c_w.l(libinit2.o)
    0x0800016c   0x0800016c   0x00000000   Code   RO          694    .ARM.Collect$$libinit$$00000011  c_w.l(libinit2.o)
    0x0800016c   0x0800016c   0x00000000   Code   RO          696    .ARM.Collect$$libinit$$00000013  c_w.l(libinit2.o)
    0x0800016c   0x0800016c   0x00000000   Code   RO          698    .ARM.Collect$$libinit$$00000015  c_w.l(libinit2.o)
    0x0800016c   0x0800016c   0x00000000   Code   RO          700    .ARM.Collect$$libinit$$00000017  c_w.l(libinit2.o)
    0x0800016c   0x0800016c   0x00000000   Code   RO          702    .ARM.Collect$$libinit$$00000019  c_w.l(libinit2.o)
    0x0800016c   0x0800016c   0x00000000   Code   RO          704    .ARM.Collect$$libinit$$0000001B  c_w.l(libinit2.o)
    0x0800016c   0x0800016c   0x00000000   Code   RO          706    .ARM.Collect$$libinit$$0000001D  c_w.l(libinit2.o)
    0x0800016c   0x0800016c   0x00000000   Code   RO          708    .ARM.Collect$$libinit$$0000001F  c_w.l(libinit2.o)
    0x0800016c   0x0800016c   0x00000000   Code   RO          710    .ARM.Collect$$libinit$$00000021  c_w.l(libinit2.o)
    0x0800016c   0x0800016c   0x00000000   Code   RO          712    .ARM.Collect$$libinit$$00000023  c_w.l(libinit2.o)
    0x0800016c   0x0800016c   0x00000000   Code   RO          714    .ARM.Collect$$libinit$$00000025  c_w.l(libinit2.o)
    0x0800016c   0x0800016c   0x00000000   Code   RO          718    .ARM.Collect$$libinit$$0000002C  c_w.l(libinit2.o)
    0x0800016c   0x0800016c   0x00000000   Code   RO          720    .ARM.Collect$$libinit$$0000002E  c_w.l(libinit2.o)
    0x0800016c   0x0800016c   0x00000000   Code   RO          722    .ARM.Collect$$libinit$$00000030  c_w.l(libinit2.o)
    0x0800016c   0x0800016c   0x00000000   Code   RO          724    .ARM.Collect$$libinit$$00000032  c_w.l(libinit2.o)
    0x0800016c   0x0800016c   0x00000002   Code   RO          725    .ARM.Collect$$libinit$$00000033  c_w.l(libinit2.o)
    0x0800016e   0x0800016e   0x00000002   Code   RO          745    .ARM.Collect$$libshutdown$$00000000  c_w.l(libshutdown.o)
    0x08000170   0x08000170   0x00000000   Code   RO          758    .ARM.Collect$$libshutdown$$00000002  c_w.l(libshutdown2.o)
    0x08000170   0x08000170   0x00000000   Code   RO          760    .ARM.Collect$$libshutdown$$00000004  c_w.l(libshutdown2.o)
    0x08000170   0x08000170   0x00000000   Code   RO          763    .ARM.Collect$$libshutdown$$00000007  c_w.l(libshutdown2.o)
    0x08000170   0x08000170   0x00000000   Code   RO          766    .ARM.Collect$$libshutdown$$0000000A  c_w.l(libshutdown2.o)
    0x08000170   0x08000170   0x00000000   Code   RO          768    .ARM.Collect$$libshutdown$$0000000C  c_w.l(libshutdown2.o)
    0x08000170   0x08000170   0x00000000   Code   RO          771    .ARM.Collect$$libshutdown$$0000000F  c_w.l(libshutdown2.o)
    0x08000170   0x08000170   0x00000002   Code   RO          772    .ARM.Collect$$libshutdown$$00000010  c_w.l(libshutdown2.o)
    0x08000172   0x08000172   0x00000000   Code   RO          625    .ARM.Collect$$rtentry$$00000000  c_w.l(__rtentry.o)
    0x08000172   0x08000172   0x00000000   Code   RO          643    .ARM.Collect$$rtentry$$00000002  c_w.l(__rtentry2.o)
    0x08000172   0x08000172   0x00000006   Code   RO          655    .ARM.Collect$$rtentry$$00000004  c_w.l(__rtentry4.o)
    0x08000178   0x08000178   0x00000000   Code   RO          645    .ARM.Collect$$rtentry$$00000009  c_w.l(__rtentry2.o)
    0x08000178   0x08000178   0x00000004   Code   RO          646    .ARM.Collect$$rtentry$$0000000A  c_w.l(__rtentry2.o)
    0x0800017c   0x0800017c   0x00000000   Code   RO          648    .ARM.Collect$$rtentry$$0000000C  c_w.l(__rtentry2.o)
    0x0800017c   0x0800017c   0x00000008   Code   RO          649    .ARM.Collect$$rtentry$$0000000D  c_w.l(__rtentry2.o)
    0x08000184   0x08000184   0x00000002   Code   RO          679    .ARM.Collect$$rtexit$$00000000  c_w.l(rtexit.o)
    0x08000186   0x08000186   0x00000000   Code   RO          727    .ARM.Collect$$rtexit$$00000002  c_w.l(rtexit2.o)
    0x08000186   0x08000186   0x00000004   Code   RO          728    .ARM.Collect$$rtexit$$00000003  c_w.l(rtexit2.o)
    0x0800018a   0x0800018a   0x00000006   Code   RO          729    .ARM.Collect$$rtexit$$00000004  c_w.l(rtexit2.o)
    0x08000190   0x08000190   0x00000040   Code   RO          566  * .text               startup_stm32f10x_md.o
    0x080001d0   0x080001d0   0x00000028   Code   RO          575    .text               c_w.l(noretval__2sprintf.o)
    0x080001f8   0x080001f8   0x00000068   Code   RO          577    .text               c_w.l(__printf.o)
    0x08000260   0x08000260   0x00000078   Code   RO          579    .text               c_w.l(_printf_dec.o)
    0x080002d8   0x080002d8   0x00000006   Code   RO          603    .text               c_w.l(heapauxi.o)
    0x080002de   0x080002de   0x00000016   Code   RO          626    .text               c_w.l(_rserrno.o)
    0x080002f4   0x080002f4   0x000000b2   Code   RO          628    .text               c_w.l(_printf_intcommon.o)
    0x080003a6   0x080003a6   0x00000002   PAD
    0x080003a8   0x080003a8   0x00000030   Code   RO          630    .text               c_w.l(_printf_char_common.o)
    0x080003d8   0x080003d8   0x0000000a   Code   RO          632    .text               c_w.l(_sputc.o)
    0x080003e2   0x080003e2   0x00000002   PAD
    0x080003e4   0x080003e4   0x00000008   Code   RO          660    .text               c_w.l(rt_errno_addr_intlibspace.o)
    0x080003ec   0x080003ec   0x00000008   Code   RO          666    .text               c_w.l(libspace.o)
    0x080003f4   0x080003f4   0x0000004a   Code   RO          669    .text               c_w.l(sys_stackheap_outer.o)
    0x0800043e   0x0800043e   0x00000012   Code   RO          671    .text               c_w.l(exit.o)
    0x08000450   0x08000450   0x0000000c   Code   RO          737    .text               c_w.l(sys_exit.o)
    0x0800045c   0x0800045c   0x00000002   Code   RO          748    .text               c_w.l(use_no_semi.o)
    0x0800045e   0x0800045e   0x00000000   Code   RO          750    .text               c_w.l(indicate_semi.o)
    0x0800045e   0x0800045e   0x00000004   Code   RO          253    i.BusFault_Handler  stm32f10x_it.o
    0x08000462   0x08000462   0x00000002   Code   RO          254    i.DebugMon_Handler  stm32f10x_it.o
    0x08000464   0x08000464   0x0000001e   Code   RO            1    i.Delay1Ms          main.o
    0x08000482   0x08000482   0x00000012   Code   RO            2    i.Delay_Ms          main.o
    0x08000494   0x08000494   0x0000007c   Code   RO            3    i.EXTI9_5_IRQHandler  main.o
    0x08000510   0x08000510   0x00000116   Code   RO            4    i.GPIO_Init         main.o
    0x08000626   0x08000626   0x00000012   Code   RO            5    i.GPIO_ReadInputDataBit  main.o
    0x08000638   0x08000638   0x00000004   Code   RO            6    i.GPIO_ResetBits    main.o
    0x0800063c   0x0800063c   0x00000004   Code   RO            7    i.GPIO_SetBits      main.o
    0x08000640   0x08000640   0x0000009c   Code   RO            8    i.GPIO_Switch       main.o
    0x080006dc   0x080006dc   0x00000004   Code   RO          255    i.HardFault_Handler  stm32f10x_it.o
    0x080006e0   0x080006e0   0x0000002c   Code   RO          446    i.I2C1_Address_Send  i2c1.o
    0x0800070c   0x0800070c   0x00000030   Code   RO          447    i.I2C1_EV6_1        i2c1.o
    0x0800073c   0x0800073c   0x0000001c   Code   RO          448    i.I2C1_EV7_1        i2c1.o
    0x08000758   0x08000758   0x00000084   Code   RO          449    i.I2C1_Init         i2c1.o
    0x080007dc   0x080007dc   0x00000030   Code   RO          450    i.I2C1_Read         i2c1.o
    0x0800080c   0x0800080c   0x000000a0   Code   RO          451    i.I2C1_Read_Started  i2c1.o
    0x080008ac   0x080008ac   0x0000002c   Code   RO          452    i.I2C1_Start        i2c1.o
    0x080008d8   0x080008d8   0x00000014   Code   RO          453    i.I2C1_Stop         i2c1.o
    0x080008ec   0x080008ec   0x00000028   Code   RO          455    i.I2C1_Write_Started  i2c1.o
    0x08000914   0x08000914   0x00000024   Code   RO          456    i.I2C1_Write_To_Reg  i2c1.o
    0x08000938   0x08000938   0x00000020   Code   RO          381    i.I2C_LCD_BackLight  i2c_lcd.o
    0x08000958   0x08000958   0x0000000a   Code   RO          382    i.I2C_LCD_Clear     i2c_lcd.o
    0x08000962   0x08000962   0x00000002   PAD
    0x08000964   0x08000964   0x0000003c   Code   RO          383    i.I2C_LCD_FlushVal  i2c_lcd.o
    0x080009a0   0x080009a0   0x00000084   Code   RO          384    i.I2C_LCD_Init      i2c_lcd.o
    0x08000a24   0x08000a24   0x0000001c   Code   RO          386    i.I2C_LCD_Puts      i2c_lcd.o
    0x08000a40   0x08000a40   0x00000030   Code   RO          387    i.I2C_LCD_WriteCmd  i2c_lcd.o
    0x08000a70   0x08000a70   0x00000070   Code   RO          388    i.I2C_LCD_Write_4bit  i2c_lcd.o
    0x08000ae0   0x08000ae0   0x00000046   Code   RO          354    i.I2C_Read          i2c.o
    0x08000b26   0x08000b26   0x00000044   Code   RO          355    i.I2C_Write         i2c.o
    0x08000b6a   0x08000b6a   0x00000002   PAD
    0x08000b6c   0x08000b6c   0x0000006c   Code   RO          389    i.LCD_WaitBusy      i2c_lcd.o
    0x08000bd8   0x08000bd8   0x00000030   Code   RO          390    i.LCD_Write_Chr     i2c_lcd.o
    0x08000c08   0x08000c08   0x00000046   Code   RO          518    i.MPU6050_init      mpu6050.o
    0x08000c4e   0x08000c4e   0x0000001e   Code   RO          519    i.MPU6050_read_accX  mpu6050.o
    0x08000c6c   0x08000c6c   0x0000001e   Code   RO          520    i.MPU6050_read_accY  mpu6050.o
    0x08000c8a   0x08000c8a   0x0000001e   Code   RO          521    i.MPU6050_read_accZ  mpu6050.o
    0x08000ca8   0x08000ca8   0x0000001c   Code   RO          522    i.MPU_Read          mpu6050.o
    0x08000cc4   0x08000cc4   0x00000014   Code   RO          523    i.MPU_Write         mpu6050.o
    0x08000cd8   0x08000cd8   0x00000004   Code   RO          256    i.MemManage_Handler  stm32f10x_it.o
    0x08000cdc   0x08000cdc   0x00000008   Code   RO          356    i.My_I2C_Init       i2c.o
    0x08000ce4   0x08000ce4   0x00000002   Code   RO          257    i.NMI_Handler       stm32f10x_it.o
    0x08000ce6   0x08000ce6   0x00000002   Code   RO          258    i.PendSV_Handler    stm32f10x_it.o
    0x08000ce8   0x08000ce8   0x00000020   Code   RO            9    i.RCC_APB1PeriphClockCmd  main.o
    0x08000d08   0x08000d08   0x00000020   Code   RO           10    i.RCC_APB2PeriphClockCmd  main.o
    0x08000d28   0x08000d28   0x00000002   Code   RO          259    i.SVC_Handler       stm32f10x_it.o
    0x08000d2a   0x08000d2a   0x00000008   Code   RO          320    i.SetSysClock       system_stm32f10x.o
    0x08000d32   0x08000d32   0x00000002   PAD
    0x08000d34   0x08000d34   0x000000e0   Code   RO          321    i.SetSysClockTo72   system_stm32f10x.o
    0x08000e14   0x08000e14   0x00000002   Code   RO          260    i.SysTick_Handler   stm32f10x_it.o
    0x08000e16   0x08000e16   0x00000002   PAD
    0x08000e18   0x08000e18   0x00000060   Code   RO          323    i.SystemInit        system_stm32f10x.o
    0x08000e78   0x08000e78   0x00000018   Code   RO           11    i.TIM_Cmd           main.o
    0x08000e90   0x08000e90   0x00000006   Code   RO           12    i.TIM_GetCounter    main.o
    0x08000e96   0x08000e96   0x00000004   Code   RO           13    i.TIM_SetCounter    main.o
    0x08000e9a   0x08000e9a   0x00000002   PAD
    0x08000e9c   0x08000e9c   0x000000a4   Code   RO           14    i.TIM_TimeBaseInit  main.o
    0x08000f40   0x08000f40   0x00000004   Code   RO          261    i.UsageFault_Handler  stm32f10x_it.o
    0x08000f44   0x08000f44   0x0000001e   Code   RO           15    i.delay_us          main.o
    0x08000f62   0x08000f62   0x00000002   PAD
    0x08000f64   0x08000f64   0x00000038   Code   RO           16    i.i2c_init          main.o
    0x08000f9c   0x08000f9c   0x00000090   Code   RO           17    i.i2c_read          main.o
    0x0800102c   0x0800102c   0x00000040   Code   RO           18    i.i2c_start         main.o
    0x0800106c   0x0800106c   0x00000034   Code   RO           19    i.i2c_stop          main.o
    0x080010a0   0x080010a0   0x00000098   Code   RO           20    i.i2c_write         main.o
    0x08001138   0x08001138   0x000000d4   Code   RO           21    i.main              main.o
    0x0800120c   0x0800120c   0x00000084   Code   RO           22    i.peakDetection     main.o
    0x08001290   0x08001290   0x0000004c   Code   RO          618    i.sqrt              m_ws.l(sqrt.o)
    0x080012dc   0x080012dc   0x0000005e   Code   RO          607    x$fpl$dfix          fz_ws.l(dfix.o)
    0x0800133a   0x0800133a   0x0000002e   Code   RO          612    x$fpl$dflt          fz_ws.l(dflt_clz.o)
    0x08001368   0x08001368   0x0000009c   Code   RO          637    x$fpl$dnaninf       fz_ws.l(dnaninf.o)
    0x08001404   0x08001404   0x000001cc   Code   RO          639    x$fpl$dsqrt         fz_ws.l(dsqrt_noumaal.o)
    0x080015d0   0x080015d0   0x00000000   Code   RO          641    x$fpl$usenofp       fz_ws.l(usenofp.o)
    0x080015d0   0x080015d0   0x00000020   Data   RO          803    Region$$Table       anon$$obj.o


    Execution Region ER_RW (Exec base: 0x20000000, Load base: 0x080015f0, Size: 0x0000001c, Max: 0xffffffff, ABSOLUTE)

    Exec Addr    Load Addr    Size         Type   Attr      Idx    E Section Name        Object

    0x20000000   0x080015f0   0x00000010   Data   RW           23    .data               main.o
    0x20000010   0x08001600   0x00000009   Data   RW          391    .data               i2c_lcd.o


    Execution Region ER_ZI (Exec base: 0x2000001c, Load base: 0x0800160c, Size: 0x00000664, Max: 0xffffffff, ABSOLUTE)

    Exec Addr    Load Addr    Size         Type   Attr      Idx    E Section Name        Object

    0x2000001c        -       0x00000060   Zero   RW          667    .bss                c_w.l(libspace.o)
    0x2000007c   0x0800160c   0x00000004   PAD
    0x20000080        -       0x00000200   Zero   RW          564    HEAP                startup_stm32f10x_md.o
    0x20000280        -       0x00000400   Zero   RW          563    STACK               startup_stm32f10x_md.o


==============================================================================

Image component sizes


      Code (inc. data)   RO Data    RW Data    ZI Data      Debug   Object Name

       146          0          0          0          0       2341   i2c.o
       600         48          0          0          0       5560   i2c1.o
       578         40          0          9          0       5329   i2c_lcd.o
      1736        150          0         16          0     265950   main.o
       208          0          0          0          0       3702   mpu6050.o
        64         26        236          0       1536       1024   startup_stm32f10x_md.o
        26          0          0          0          0       3890   stm32f10x_it.o
       328         28          0          0          0       2077   system_stm32f10x.o

    ----------------------------------------------------------------------
      3698        292        268         28       1536     289873   Object Totals
         0          0         32          0          0          0   (incl. Generated)
        12          0          0          3          0          0   (incl. Padding)

    ----------------------------------------------------------------------

      Code (inc. data)   RO Data    RW Data    ZI Data      Debug   Library Member Name

         8          0          0          0          0         68   __main.o
       104          0          0          0          0         84   __printf.o
         0          0          0          0          0          0   __rtentry.o
        12          0          0          0          0          0   __rtentry2.o
         6          0          0          0          0          0   __rtentry4.o
        52          8          0          0          0          0   __scatter.o
        26          0          0          0          0          0   __scatter_copy.o
        28          0          0          0          0          0   __scatter_zi.o
        48          6          0          0          0         96   _printf_char_common.o
         6          0          0          0          0          0   _printf_d.o
       120         16          0          0          0         92   _printf_dec.o
       178          0          0          0          0         88   _printf_intcommon.o
         0          0          0          0          0          0   _printf_percent.o
         4          0          0          0          0          0   _printf_percent_end.o
        22          0          0          0          0        100   _rserrno.o
        10          0          0          0          0         68   _sputc.o
        18          0          0          0          0         80   exit.o
         6          0          0          0          0        152   heapauxi.o
         0          0          0          0          0          0   indicate_semi.o
         2          0          0          0          0          0   libinit.o
         2          0          0          0          0          0   libinit2.o
         2          0          0          0          0          0   libshutdown.o
         2          0          0          0          0          0   libshutdown2.o
         8          4          0          0         96         68   libspace.o
        40          6          0          0          0         84   noretval__2sprintf.o
         8          4          0          0          0         68   rt_errno_addr_intlibspace.o
         2          0          0          0          0          0   rtexit.o
        10          0          0          0          0          0   rtexit2.o
        12          4          0          0          0         68   sys_exit.o
        74          0          0          0          0         80   sys_stackheap_outer.o
         2          0          0          0          0         68   use_no_semi.o
        94          4          0          0          0         92   dfix.o
        46          0          0          0          0         68   dflt_clz.o
       156          4          0          0          0         92   dnaninf.o
       460         56          0          0          0        120   dsqrt_noumaal.o
         0          0          0          0          0          0   usenofp.o
        76          0          0          0          0         84   sqrt.o

    ----------------------------------------------------------------------
      1650        112          0          0        100       1720   Library Totals
         6          0          0          0          4          0   (incl. Padding)

    ----------------------------------------------------------------------

      Code (inc. data)   RO Data    RW Data    ZI Data      Debug   Library Name

       812         48          0          0         96       1264   c_w.l
       756         64          0          0          0        372   fz_ws.l
        76          0          0          0          0         84   m_ws.l

    ----------------------------------------------------------------------
      1650        112          0          0        100       1720   Library Totals

    ----------------------------------------------------------------------

==============================================================================


      Code (inc. data)   RO Data    RW Data    ZI Data      Debug   

      5348        404        268         28       1636     287741   Grand Totals
      5348        404        268         28       1636     287741   ELF Image Totals
      5348        404        268         28          0          0   ROM Totals

==============================================================================

    Total RO  Size (Code + RO Data)                 5616 (   5.48kB)
    Total RW  Size (RW Data + ZI Data)              1664 (   1.63kB)
    Total ROM Size (Code + RO Data + RW Data)       5644 (   5.51kB)

==============================================================================

